02-14 22:53:21.281 I/SmartPanel_SmartPanelBeanHelper( 2294): oobe = KE, DefaultAppShortcutList = [com.whatsapp, com.facebook.katana, com.facebook.orca, com.instagram.android, com.transsion.camera/selfie, net.one97.paytm/scan_and_pay_shortcut, com.transsion.phoenix, com.zaz.translate, com.transsion.kolun.assistant, com.gbwhatsapp, com.afmobi.boomplayer, com.hatsune.eagleee]
02-14 22:53:21.320 W/net.bat.store(12486): ClassLoaderContext classpath size mismatch. expected=12, found=0 (DLC[];PCL[base.apk*3645384961:base.apk!classes2.dex*2799741220:base.apk!classes3.dex*3152497644:base.apk!classes4.dex*229888544:base.apk!classes5.dex*2881263476:base.apk!classes6.dex*1321155662:base.apk!classes7.dex*2100511475:base.apk!classes8.dex*2967581136:base.apk!classes9.dex*3883567460:base.apk!classes10.dex*3596493312:base.apk!classes11.dex*3476475469:base.apk!classes12.dex*1089581091]{PCL[/system/framework/org.apache.http.legacy.jar*1419868201]#PCL[/system/framework/com.android.location.provider.jar*2090982288]#PCL[/system/framework/com.android.media.remotedisplay.jar*3931963715]} | DLC[];PCL[])
02-14 22:53:21.324 I/DynamiteModule(12486): Considering local module com.google.android.gms.measurement.dynamite:70 and remote module com.google.android.gms.measurement.dynamite:176
02-14 22:53:21.324 I/DynamiteModule(12486): Selected remote version of com.google.android.gms.measurement.dynamite, version >= 176
02-14 22:53:21.334 I/FirebaseInitProvider(12486): FirebaseApp initialization successful
02-14 22:53:21.347 W/System  (12486): ClassLoader referenced unknown path: 
02-14 22:53:21.376 I/TetheringManager(12447): registerTetheringEventCallback:com.instagram.lite
02-14 22:53:21.377 W/net.bat.store(12486): ClassLoaderContext classpath size mismatch. expected=12, found=5 (DLC[];PCL[base.apk*3645384961:base.apk!classes2.dex*2799741220:base.apk!classes3.dex*3152497644:base.apk!classes4.dex*229888544:base.apk!classes5.dex*2881263476:base.apk!classes6.dex*1321155662:base.apk!classes7.dex*2100511475:base.apk!classes8.dex*2967581136:base.apk!classes9.dex*3883567460:base.apk!classes10.dex*3596493312:base.apk!classes11.dex*3476475469:base.apk!classes12.dex*1089581091]{PCL[/system/framework/org.apache.http.legacy.jar*1419868201]#PCL[/system/framework/com.android.location.provider.jar*2090982288]#PCL[/system/framework/com.android.media.remotedisplay.jar*3931963715]} | DLC[];PCL[/data/app/~~aYxcqF20g96e5Mir_aiZaw==/net.bat.store-jKl7KtTHrynXt46F7de-Dw==/base.apk*1323505463:/data/app/~~aYxcqF20g96e5Mir_aiZaw==/net.bat.store-jKl7KtTHrynXt46F7de-Dw==/base.apk!classes2.dex*3928394552:/data/app/~~aYxcqF20g96e5Mir_aiZaw==/net.bat.store-jKl7KtTHrynXt46F7de-Dw==/base.apk!classes3.dex*3190700022:/data/app/~~aYxcqF20g96e5Mir_aiZaw==/net.bat.store-jKl7KtTHrynXt46F7de-Dw==/base.apk!classes4.dex*1500452773:/data/app/~~aYxcqF20g96e5Mir_aiZaw==/net.bat.store-jKl7KtTHrynXt46F7de-Dw==/base.apk!classes5.dex*3721225086]{PCL[/system/framework/org.apache.http.legacy.jar*1419868201]})
02-14 22:53:21.390 W/ErrorReportingUtils(12447): Lacrima init done in ErrorReportingUtils for: com.instagram.lite
02-14 22:53:21.393 I/TetheringManager(12486): registerTetheringEventCallback:net.bat.store
02-14 22:53:21.394 W/net.bat.store(12486): Found duplicate classes, falling back to extracting from APK : /data/app/~~wjxsyWcfzRQUUSJuj6K-zA==/com.google.android.gms-Qb4Us0xm3KAxvnWP33WI2Q==/split_MeasurementDynamite_installtime.apk
02-14 22:53:21.394 W/net.bat.store(12486): NOTE: This wastes RAM and hurts startup performance.
02-14 22:53:21.394 W/net.bat.store(12486): Found duplicated class when checking oat files: 'Landroid/app/AppComponentFactory;' in /data/app/~~wjxsyWcfzRQUUSJuj6K-zA==/com.google.android.gms-Qb4Us0xm3KAxvnWP33WI2Q==/split_MeasurementDynamite_installtime.apk and /data/app/~~aYxcqF20g96e5Mir_aiZaw==/net.bat.store-jKl7KtTHrynXt46F7de-Dw==/base.apk
02-14 22:53:21.414 W/lacrima (12447): The minidump file is empty!
02-14 22:53:21.415 I/MMKV    (12486): Disable checkProcessMode()
02-14 22:53:21.431 I/resolv  (  468): resolv_cache_lookup: lookup
02-14 22:53:21.431 I/resolv  (  468): resolv_cache_lookup: NOT IN CACHE
02-14 22:53:21.431 I/resolv  (  468): resolv_populate_res_for_net: netid=100
02-14 22:53:21.431 I/resolv  (  468): res_stats_usable_server: NS stats: S 41 + E 0 + T 0 + I 0 = 41, rtt = 120, min_samples = 8
02-14 22:53:21.431 I/resolv  (  468): res_stats_usable_server: success rate 100
02-14 22:53:21.432 I/resolv  (  468): get_timeout: using timeout of 5000 msec
02-14 22:53:21.433 I/resolv  (  468): retrying_poll: 58 retrying_poll
02-14 22:53:21.433 I/MMKV    (12486): current API level = 30, libc++_shared=0
02-14 22:53:21.433 I/MMKV    (12486): <MMKV.cpp:166::initialize> version v1.3.9, page size 4096, arch armeabi-v7a/NEON
02-14 22:53:21.433 I/MMKV    (12486): <MMKV.cpp:225::initializeMMKV> root dir: /data/user/0/net.bat.store/files/mmkv
02-14 22:53:21.434 I/MMKV    (12486): <MemoryFile.cpp:98::open> open fd[0x4a], /data/user/0/net.bat.store/files/mmkv/net.bat.store_version_control
02-14 22:53:21.434 I/MMKV    (12486): <MemoryFile.cpp:203::mmap> mmap to address [0xa772c000], oldPtr [0x0], [/data/user/0/net.bat.store/files/mmkv/net.bat.store_version_control]
02-14 22:53:21.434 W/lacrima (12447): Start AnrDetector... X.02M
02-14 22:53:21.434 I/MMKV    (12486): <MemoryFile.cpp:98::open> open fd[0x4e], /data/user/0/net.bat.store/files/mmkv/net.bat.store_version_control.crc
02-14 22:53:21.434 I/MMKV    (12486): <MemoryFile.cpp:203::mmap> mmap to address [0xa73bd000], oldPtr [0x0], [/data/user/0/net.bat.store/files/mmkv/net.bat.store_version_control.crc]
02-14 22:53:21.434 W/ProcessAnrErrorMonitor(12447): startMonitoring with delay: 4000
02-14 22:53:21.435 I/MMKV    (12486): <MMKV_IO.cpp:214::loadMetaInfoAndCheck> meta file [net.bat.store_version_control] has flag [0]
02-14 22:53:21.436 I/MMKV    (12486): <MMKV_IO.cpp:84::loadFromFile> loading [net.bat.store_version_control] with 20 actual size, file size 4096, InterProcess 1, meta info version:4
02-14 22:53:21.436 I/MMKV    (12486): <MMKV_IO.cpp:89::loadFromFile> loading [net.bat.store_version_control] with crc 3717437789 sequence 1 version 4
02-14 22:53:21.436 I/MMKV    (12486): <MMKV_IO.cpp:133::loadFromFile> loaded [net.bat.store_version_control] with 1 key-values
02-14 22:53:21.437 I/MMKV    (12486): <MemoryFile.cpp:98::open> open fd[0x4d], /data/user/0/net.bat.store/files/mmkv/aha_common
02-14 22:53:21.437 I/MMKV    (12486): <MemoryFile.cpp:203::mmap> mmap to address [0x8fe52000], oldPtr [0x0], [/data/user/0/net.bat.store/files/mmkv/aha_common]
02-14 22:53:21.437 I/MMKV    (12486): <MemoryFile.cpp:98::open> open fd[0x54], /data/user/0/net.bat.store/files/mmkv/aha_common.crc
02-14 22:53:21.437 I/MMKV    (12486): <MemoryFile.cpp:203::mmap> mmap to address [0xa7075000], oldPtr [0x0], [/data/user/0/net.bat.store/files/mmkv/aha_common.crc]
02-14 22:53:21.438 I/MMKV    (12486): <MMKV_IO.cpp:214::loadMetaInfoAndCheck> meta file [aha_common] has flag [0]
02-14 22:53:21.439 I/MMKV    (12486): <MMKV_IO.cpp:84::loadFromFile> loading [aha_common] with 28204 actual size, file size 32768, InterProcess 1, meta info version:4
02-14 22:53:21.439 I/MMKV    (12486): <MMKV_IO.cpp:89::loadFromFile> loading [aha_common] with crc 1995444687 sequence 1132 version 4
02-14 22:53:21.439 I/MMKV    (12486): <MMKV_IO.cpp:133::loadFromFile> loaded [aha_common] with 101 key-values
02-14 22:53:21.440 W/ErrorReportingUtils(12447): Lacrima later init done in ErrorReportingUtils for: com.instagram.lite
02-14 22:53:21.451 W/net.bat.store(12486): Accessing hidden method Ldalvik/system/VMRuntime;->setHiddenApiExemptions([Ljava/lang/String;)V (blacklist,core-platform-api, reflection, denied)
02-14 22:53:21.460 W/BootstrapClass(12486): reflect bootstrap failed:
02-14 22:53:21.460 W/BootstrapClass(12486): java.lang.reflect.InvocationTargetException
02-14 22:53:21.460 W/BootstrapClass(12486): 	at java.lang.reflect.Method.invoke(Native Method)
02-14 22:53:21.460 W/BootstrapClass(12486): 	at w7.a.<clinit>(SourceFile:79)
02-14 22:53:21.460 W/BootstrapClass(12486): 	at me.weishu.reflection.Reflection.a(SourceFile:9)
02-14 22:53:21.460 W/BootstrapClass(12486): 	at i7.a.h(SourceFile:6)
02-14 22:53:21.460 W/BootstrapClass(12486): 	at net.bat.store.base.CrashHandler.k(SourceFile:6)
02-14 22:53:21.460 W/BootstrapClass(12486): 	at net.bat.store.base.TheApplication.onCreate(SourceFile:48)
02-14 22:53:21.460 W/BootstrapClass(12486): 	at android.app.Instrumentation.callApplicationOnCreate(Instrumentation.java:1198)
02-14 22:53:21.460 W/BootstrapClass(12486): 	at android.app.ActivityThread.handleBindApplication(ActivityThread.java:7050)
02-14 22:53:21.460 W/BootstrapClass(12486): 	at android.app.ActivityThread.access$1500(ActivityThread.java:263)
02-14 22:53:21.460 W/BootstrapClass(12486): 	at android.app.ActivityThread$H.handleMessage(ActivityThread.java:2032)
02-14 22:53:21.460 W/BootstrapClass(12486): 	at android.os.Handler.dispatchMessage(Handler.java:106)
02-14 22:53:21.460 W/BootstrapClass(12486): 	at android.os.Looper.loop(Looper.java:268)
02-14 22:53:21.460 W/BootstrapClass(12486): 	at android.app.ActivityThread.main(ActivityThread.java:8016)
02-14 22:53:21.460 W/BootstrapClass(12486): 	at java.lang.reflect.Method.invoke(Native Method)
02-14 22:53:21.460 W/BootstrapClass(12486): 	at com.android.internal.os.RuntimeInit$MethodAndArgsCaller.run(RuntimeInit.java:627)
02-14 22:53:21.460 W/BootstrapClass(12486): 	at com.android.internal.os.ZygoteInit.main(ZygoteInit.java:997)
02-14 22:53:21.460 W/BootstrapClass(12486): Caused by: java.lang.NoSuchMethodException: dalvik.system.VMRuntime.setHiddenApiExemptions [class [Ljava.lang.String;]
02-14 22:53:21.460 W/BootstrapClass(12486): 	at java.lang.Class.getMethod(Class.java:2072)
02-14 22:53:21.460 W/BootstrapClass(12486): 	at java.lang.Class.getDeclaredMethod(Class.java:2050)
02-14 22:53:21.460 W/BootstrapClass(12486): 	... 16 more
02-14 22:53:21.478 W/lacrima (12447): FixedLengthFiles.init() called twice.
02-14 22:53:21.486 W/lacrima (12447): FixedLengthFiles.init() called twice.
02-14 22:53:21.497 I/resolv  (  468): retrying_poll: 58 retrying_poll returning 1
02-14 22:53:21.497 W/com.facebook.lite.deviceid.FbLitePhoneIdStore(12447): is phone id synced: true
02-14 22:53:21.497 I/resolv  (  468): res_nsend: used send_dg 42 terrno: 0
02-14 22:53:21.498 I/resolv  (  468): res_stats_set_sample: rcode = 3, sec = 65
02-14 22:53:21.498 I/resolv  (  468): res_cache_add_stats_sample_locked: adding sample to stats, next = 41, count = 41
02-14 22:53:21.498 I/resolv  (  468): answer_getTTL: TTL = 0
02-14 22:53:21.498 W/com.facebook.lite.deviceid.FbLitePhoneIdStore(12447): get Phone ID: 2baf5444-3411-4645-9c36-945ddd97ee3a : 1751025935447 : com.instagram.lite
02-14 22:53:21.498 W/com.facebook.lite.deviceid.FbLitePhoneIdStore(12447): get stable Phone ID: 2baf5444-3411-4645-9c36-945ddd97ee3a : 1751025935447 : com.instagram.lite
02-14 22:53:21.498 I/resolv  (  468): cache_dump_mru_locked: MRU LIST (38):  39 23 38 37 36 35 34 8 31 33 16 30 29 28 27 26 25 24 20 22 21 19 18 17 15 14 13 12 11 10 6 9 7 5 4 3 1 2
02-14 22:53:21.502 I/net.bat.store(12486): Waiting for a blocking GC ClassLinker
02-14 22:53:21.523 W/net.bat.store(12486): Opening an oat file without a class loader. Are you using the deprecated DexFile APIs?
02-14 22:53:21.526 W/System.err(12486): java.lang.NullPointerException: Attempt to invoke virtual method 'java.lang.reflect.Method java.lang.Class.getDeclaredMethod(java.lang.String, java.lang.Class[])' on a null object reference
02-14 22:53:21.526 W/System.err(12486): 	at me.weishu.reflection.Reflection.b(SourceFile:67)
02-14 22:53:21.527 W/System.err(12486): 	at me.weishu.reflection.Reflection.a(SourceFile:16)
02-14 22:53:21.527 W/System.err(12486): 	at i7.a.h(SourceFile:6)
02-14 22:53:21.527 W/System.err(12486): 	at net.bat.store.base.CrashHandler.k(SourceFile:6)
02-14 22:53:21.527 W/System.err(12486): 	at net.bat.store.base.TheApplication.onCreate(SourceFile:48)
02-14 22:53:21.527 W/System.err(12486): 	at android.app.Instrumentation.callApplicationOnCreate(Instrumentation.java:1198)
02-14 22:53:21.527 W/System.err(12486): 	at android.app.ActivityThread.handleBindApplication(ActivityThread.java:7050)
02-14 22:53:21.527 W/System.err(12486): 	at android.app.ActivityThread.access$1500(ActivityThread.java:263)
02-14 22:53:21.527 W/System.err(12486): 	at android.app.ActivityThread$H.handleMessage(ActivityThread.java:2032)
02-14 22:53:21.527 W/System.err(12486): 	at android.os.Handler.dispatchMessage(Handler.java:106)
02-14 22:53:21.527 W/System.err(12486): 	at android.os.Looper.loop(Looper.java:268)
02-14 22:53:21.527 W/System.err(12486): 	at android.app.ActivityThread.main(ActivityThread.java:8016)
02-14 22:53:21.527 W/System.err(12486): 	at java.lang.reflect.Method.invoke(Native Method)
02-14 22:53:21.527 W/System.err(12486): 	at com.android.internal.os.RuntimeInit$MethodAndArgsCaller.run(RuntimeInit.java:627)
02-14 22:53:21.527 W/System.err(12486): 	at com.android.internal.os.ZygoteInit.main(ZygoteInit.java:997)
02-14 22:53:21.569 W/PackageUtil(12447): No appinfo found for com.facebook.orca
02-14 22:53:21.569 I/MMKV    (12486): <MemoryFile.cpp:98::open> open fd[0x49], /data/user/0/net.bat.store/files/mmkv/ab_test_kv
02-14 22:53:21.569 I/MMKV    (12486): <MemoryFile.cpp:203::mmap> mmap to address [0xa6da6000], oldPtr [0x0], [/data/user/0/net.bat.store/files/mmkv/ab_test_kv]
02-14 22:53:21.570 I/MMKV    (12486): <MemoryFile.cpp:98::open> open fd[0x50], /data/user/0/net.bat.store/files/mmkv/ab_test_kv.crc
02-14 22:53:21.570 I/MMKV    (12486): <MemoryFile.cpp:203::mmap> mmap to address [0xa683b000], oldPtr [0x0], [/data/user/0/net.bat.store/files/mmkv/ab_test_kv.crc]
02-14 22:53:21.570 I/MMKV    (12486): <MMKV_IO.cpp:214::loadMetaInfoAndCheck> meta file [ab_test_kv] has flag [0]
02-14 22:53:21.571 I/MMKV    (12486): <MMKV_IO.cpp:84::loadFromFile> loading [ab_test_kv] with 1729 actual size, file size 4096, InterProcess 0, meta info version:4
02-14 22:53:21.571 I/MMKV    (12486): <MMKV_IO.cpp:89::loadFromFile> loading [ab_test_kv] with crc 3775752543 sequence 26 version 4
02-14 22:53:21.572 I/MMKV    (12486): <MMKV_IO.cpp:133::loadFromFile> loaded [ab_test_kv] with 4 key-values
02-14 22:53:21.572 W/PackageUtil(12447): No appinfo found for com.facebook.mlite
02-14 22:53:21.575 I/DynamiteModule(12486): Considering local module com.google.android.gms.cronet_dynamite:0 and remote module com.google.android.gms.cronet_dynamite:4311
02-14 22:53:21.575 I/DynamiteModule(12486): Selected remote version of com.google.android.gms.cronet_dynamite, version >= 4311
02-14 22:53:21.575 I/MMKV    (12486): <MemoryFile.cpp:98::open> open fd[0x5b], /data/user/0/net.bat.store/files/mmkv/process_live_record
02-14 22:53:21.576 I/MMKV    (12486): <MemoryFile.cpp:203::mmap> mmap to address [0xa6747000], oldPtr [0x0], [/data/user/0/net.bat.store/files/mmkv/process_live_record]
02-14 22:53:21.576 I/MMKV    (12486): <MemoryFile.cpp:98::open> open fd[0x5d], /data/user/0/net.bat.store/files/mmkv/process_live_record.crc
02-14 22:53:21.576 I/MMKV    (12486): <MemoryFile.cpp:203::mmap> mmap to address [0xa6740000], oldPtr [0x0], [/data/user/0/net.bat.store/files/mmkv/process_live_record.crc]
02-14 22:53:21.579 W/PackageUtil(12447): No appinfo found for com.facebook.katana
02-14 22:53:21.589 I/MMKV    (12486): <MMKV_IO.cpp:214::loadMetaInfoAndCheck> meta file [process_live_record] has flag [0]
02-14 22:53:21.590 I/MMKV    (12486): <MMKV_IO.cpp:84::loadFromFile> loading [process_live_record] with 52 actual size, file size 4096, InterProcess 1, meta info version:4
02-14 22:53:21.590 I/MMKV    (12486): <MMKV_IO.cpp:89::loadFromFile> loading [process_live_record] with crc 344576811 sequence 4380 version 4
02-14 22:53:21.590 I/MMKV    (12486): <MMKV_IO.cpp:133::loadFromFile> loaded [process_live_record] with 1 key-values
02-14 22:53:21.594 W/net.bat.store(12486): ClassLoaderContext classpath size mismatch. expected=12, found=5 (DLC[];PCL[base.apk*3645384961:base.apk!classes2.dex*2799741220:base.apk!classes3.dex*3152497644:base.apk!classes4.dex*229888544:base.apk!classes5.dex*2881263476:base.apk!classes6.dex*1321155662:base.apk!classes7.dex*2100511475:base.apk!classes8.dex*2967581136:base.apk!classes9.dex*3883567460:base.apk!classes10.dex*3596493312:base.apk!classes11.dex*3476475469:base.apk!classes12.dex*1089581091]{PCL[/system/framework/org.apache.http.legacy.jar*1419868201]#PCL[/system/framework/com.android.location.provider.jar*2090982288]#PCL[/system/framework/com.android.media.remotedisplay.jar*3931963715]} | DLC[];PCL[/data/app/~~aYxcqF20g96e5Mir_aiZaw==/net.bat.store-jKl7KtTHrynXt46F7de-Dw==/base.apk*1323505463:/data/app/~~aYxcqF20g96e5Mir_aiZaw==/net.bat.store-jKl7KtTHrynXt46F7de-Dw==/base.apk!classes2.dex*3928394552:/data/app/~~aYxcqF20g96e5Mir_aiZaw==/net.bat.store-jKl7KtTHrynXt46F7de-Dw==/base.apk!classes3.dex*3190700022:/data/app/~~aYxcqF20g96e5Mir_aiZaw==/net.bat.store-jKl7KtTHrynXt46F7de-Dw==/base.apk!classes4.dex*1500452773:/data/app/~~aYxcqF20g96e5Mir_aiZaw==/net.bat.store-jKl7KtTHrynXt46F7de-Dw==/base.apk!classes5.dex*3721225086]{PCL[/system/framework/org.apache.http.legacy.jar*1419868201]})
02-14 22:53:21.598 W/net.bat.store(12486): Found duplicate classes, falling back to extracting from APK : /data/app/~~wjxsyWcfzRQUUSJuj6K-zA==/com.google.android.gms-Qb4Us0xm3KAxvnWP33WI2Q==/split_CronetDynamite_installtime.apk
02-14 22:53:21.598 W/net.bat.store(12486): NOTE: This wastes RAM and hurts startup performance.
02-14 22:53:21.598 W/net.bat.store(12486): Found duplicated class when checking oat files: 'Landroid/app/AppComponentFactory;' in /data/app/~~wjxsyWcfzRQUUSJuj6K-zA==/com.google.android.gms-Qb4Us0xm3KAxvnWP33WI2Q==/split_CronetDynamite_installtime.apk and /data/app/~~aYxcqF20g96e5Mir_aiZaw==/net.bat.store-jKl7KtTHrynXt46F7de-Dw==/base.apk
02-14 22:53:21.624 W/0M7     (12447): Ignoring dex metadata pragma: .superpack_files 1
02-14 22:53:21.626 W/0M7     (12447): Ignoring dex metadata pragma: .locator_id 3
02-14 22:53:21.639 I/net.bat.store(12486): Waiting for a blocking GC ClassLinker
02-14 22:53:21.650 I/net.bat.store(12486): Waiting for a blocking GC ClassLinker
02-14 22:53:21.654 W/0M7     (12447): Ignoring dex metadata pragma: .superpack_files 1
02-14 22:53:21.655 W/0M7     (12447): Ignoring dex metadata pragma: .locator_id 17
02-14 22:53:21.658 I/MMKV    (12486): <MMKV_IO.cpp:515::writeActualSize> [process_live_record] increase sequence to 4381, crc 2731318333, actualSize 4
02-14 22:53:21.659 I/MMKV    (12486): <MemoryFile.cpp:98::open> open fd[0x5e], /data/user/0/net.bat.store/files/mmkv/traffic_manager_cache
02-14 22:53:21.659 I/MMKV    (12486): <MemoryFile.cpp:203::mmap> mmap to address [0x9f71b000], oldPtr [0x0], [/data/user/0/net.bat.store/files/mmkv/traffic_manager_cache]
02-14 22:53:21.659 I/MMKV    (12486): <MemoryFile.cpp:98::open> open fd[0x63], /data/user/0/net.bat.store/files/mmkv/traffic_manager_cache.crc
02-14 22:53:21.659 I/MMKV    (12486): <MemoryFile.cpp:203::mmap> mmap to address [0x9f6f2000], oldPtr [0x0], [/data/user/0/net.bat.store/files/mmkv/traffic_manager_cache.crc]
02-14 22:53:21.664 I/MMKV    (12486): <MemoryFile.cpp:98::open> open fd[0x64], /data/user/0/net.bat.store/files/mmkv/web_crash_kv
02-14 22:53:21.664 I/MMKV    (12486): <MemoryFile.cpp:203::mmap> mmap to address [0x9f6f1000], oldPtr [0x0], [/data/user/0/net.bat.store/files/mmkv/web_crash_kv]
02-14 22:53:21.664 I/MMKV    (12486): <MemoryFile.cpp:98::open> open fd[0x65], /data/user/0/net.bat.store/files/mmkv/web_crash_kv.crc
02-14 22:53:21.664 I/MMKV    (12486): <MemoryFile.cpp:203::mmap> mmap to address [0x9f6b4000], oldPtr [0x0], [/data/user/0/net.bat.store/files/mmkv/web_crash_kv.crc]
02-14 22:53:21.664 I/MMKV    (12486): <MMKV_IO.cpp:214::loadMetaInfoAndCheck> meta file [traffic_manager_cache] has flag [0]
02-14 22:53:21.665 I/MMKV    (12486): <MMKV_IO.cpp:214::loadMetaInfoAndCheck> meta file [web_crash_kv] has flag [0]
02-14 22:53:21.666 I/MMKV    (12486): <MMKV_IO.cpp:84::loadFromFile> loading [web_crash_kv] with 0 actual size, file size 4096, InterProcess 1, meta info version:4
02-14 22:53:21.666 I/MMKV    (12486): <MMKV_IO.cpp:84::loadFromFile> loading [traffic_manager_cache] with 2555 actual size, file size 4096, InterProcess 0, meta info version:4
02-14 22:53:21.667 I/MMKV    (12486): <MMKV_IO.cpp:89::loadFromFile> loading [traffic_manager_cache] with crc 520809230 sequence 37 version 4
02-14 22:53:21.667 I/MMKV    (12486): <MMKV_IO.cpp:133::loadFromFile> loaded [web_crash_kv] with 0 key-values
02-14 22:53:21.668 I/MMKV    (12486): <MMKV_IO.cpp:133::loadFromFile> loaded [traffic_manager_cache] with 12 key-values
02-14 22:53:21.674 I/MMKV    (12486): <MemoryFile.cpp:98::open> open fd[0x66], /data/user/0/net.bat.store/files/mmkv/remote_config_module
02-14 22:53:21.679 I/MMKV    (12486): <MemoryFile.cpp:203::mmap> mmap to address [0xa6d3f000], oldPtr [0x0], [/data/user/0/net.bat.store/files/mmkv/remote_config_module]
02-14 22:53:21.679 I/MMKV    (12486): <MemoryFile.cpp:98::open> open fd[0x68], /data/user/0/net.bat.store/files/mmkv/remote_config_module.crc
02-14 22:53:21.679 I/MMKV    (12486): <MemoryFile.cpp:203::mmap> mmap to address [0xa4284000], oldPtr [0x0], [/data/user/0/net.bat.store/files/mmkv/remote_config_module.crc]
02-14 22:53:21.679 I/net.bat.store(12486): WaitForGcToComplete blocked ClassLinker on ClassLinker for 177.225ms
02-14 22:53:21.680 I/net.bat.store(12486): WaitForGcToComplete blocked ClassLinker on ClassLinker for 29.879ms
02-14 22:53:21.680 W/net.bat.store(12486): Verification of void com.google.android.gms.measurement.internal.AppMeasurementDynamiteService.<init>() took 178.163ms (78.58 bytecodes/s) (1000B approximate peak alloc)
02-14 22:53:21.684 I/net.bat.store(12486): WaitForGcToComplete blocked ClassLinker on ClassLinker for 45.779ms
02-14 22:53:21.688 I/MMKV    (12486): <MMKV_IO.cpp:214::loadMetaInfoAndCheck> meta file [remote_config_module] has flag [0]
02-14 22:53:21.689 I/MMKV    (12486): <MMKV_IO.cpp:84::loadFromFile> loading [remote_config_module] with 5248 actual size, file size 8192, InterProcess 0, meta info version:4
02-14 22:53:21.689 I/MMKV    (12486): <MMKV_IO.cpp:89::loadFromFile> loading [remote_config_module] with crc 1114675706 sequence 20 version 4
02-14 22:53:21.689 I/MMKV    (12486): <MMKV_IO.cpp:133::loadFromFile> loaded [remote_config_module] with 6 key-values
02-14 22:53:21.691 I/remote_config(12486): control by intervalTime! 2026-02-14 14:53:21 lastRefreshDataTime=2026-02-14 22:06:02
02-14 22:53:21.703 W/FbSoLoader(12447): FBSoLoader already initialiazed
02-14 22:53:21.706 I/net.bat.store(12486): Waiting for a blocking GC ClassLinker
02-14 22:53:21.706 W/SoLoader(12447): Registering application split s_fizz_mnshttp_msys split_s_fizz_mnshttp_msys.apk
02-14 22:53:21.721 I/BugleBackup(12317): Registering preference change listener for "bugle".
02-14 22:53:21.780 W/SoLoader(12447): Prepending SoSource s_fizz_mnshttp_msys-asset-libs: SuperpackSoSource[root = /data/data/com.instagram.lite/app_modules/s_fizz_mnshttp_msys_4cc1ae8070853b784a3b9fd4efafab015f79dce3cacc0530a678bc277103a22d/download/libs/armeabi-v7a/878910442/asset-libs flags = 1 zipSource = /data/app/~~5LOziIm_e5xBiYaH3LhMaw==/com.instagram.lite-bgW23JgQn8uaEPZ0gfCf-A==/split_s_fizz_mnshttp_msys.apk compressedPath = assets/s_fizz_mnshttp_msys/libs.spk.xz identity = s_fizz_mnshttp_msys]
02-14 22:53:21.784 W/AppEventHub(12447): font-cache-ready-but-not-connected
02-14 22:53:21.802 W/FbSoLoader(12447): FBSoLoader already initialiazed
02-14 22:53:21.812 W/SoLoader(12447): Registering application split s_fizz_msys split_s_fizz_msys.apk
02-14 22:53:21.815 I/keystore(  617): cb->onFinished
02-14 22:53:21.828 I/beanpodkeymaster(  415): cmd:18 Received 302 byte response
02-14 22:53:21.833 W/SoLoader(12447): Prepending SoSource s_fizz_msys-asset-libs: SuperpackSoSource[root = /data/data/com.instagram.lite/app_modules/s_fizz_msys_93465c9f09530e8c8cb545a2cf0e3b61b6d5f1ec422753c22ea5e9474104c03a/download/libs/armeabi-v7a/878910442/asset-libs flags = 1 zipSource = /data/app/~~5LOziIm_e5xBiYaH3LhMaw==/com.instagram.lite-bgW23JgQn8uaEPZ0gfCf-A==/split_s_fizz_msys.apk compressedPath = assets/s_fizz_msys/libs.spk.xz identity = s_fizz_msys]
02-14 22:53:21.836 I/keystore(  617): cb->onFinished
02-14 22:53:21.846 I/beanpodkeymaster(  415): cmd:18 Received 302 byte response
02-14 22:53:21.848 W/FbSoLoader(12447): FBSoLoader already initialiazed
02-14 22:53:21.848 I/MMKV    (12486): <MemoryFile.cpp:98::open> open fd[0x72], /data/user/0/net.bat.store/files/mmkv/aha_user
02-14 22:53:21.848 I/MMKV    (12486): <MemoryFile.cpp:203::mmap> mmap to address [0x9f6b3000], oldPtr [0x0], [/data/user/0/net.bat.store/files/mmkv/aha_user]
02-14 22:53:21.848 I/MMKV    (12486): <MemoryFile.cpp:98::open> open fd[0x73], /data/user/0/net.bat.store/files/mmkv/aha_user.crc
02-14 22:53:21.848 I/MMKV    (12486): <MemoryFile.cpp:203::mmap> mmap to address [0x9f65b000], oldPtr [0x0], [/data/user/0/net.bat.store/files/mmkv/aha_user.crc]
02-14 22:53:21.850 I/MMKV    (12486): <MMKV_IO.cpp:214::loadMetaInfoAndCheck> meta file [aha_user] has flag [0]
02-14 22:53:21.850 W/SoLoader(12447): Registering application split s_fizz_msysinfra split_s_fizz_msysinfra.apk
02-14 22:53:21.850 I/MMKV    (12486): <MMKV_IO.cpp:84::loadFromFile> loading [aha_user] with 580 actual size, file size 4096, InterProcess 1, meta info version:4
02-14 22:53:21.850 I/MMKV    (12486): <MMKV_IO.cpp:89::loadFromFile> loading [aha_user] with crc 3294545263 sequence 1 version 4
02-14 22:53:21.850 I/MMKV    (12486): <MMKV_IO.cpp:133::loadFromFile> loaded [aha_user] with 2 key-values
02-14 22:53:21.859 I/MMKV    (12486): <MemoryFile.cpp:98::open> open fd[0x71], /data/user/0/net.bat.store/files/mmkv/dta_kv
02-14 22:53:21.860 I/MMKV    (12486): <MemoryFile.cpp:203::mmap> mmap to address [0x9f54f000], oldPtr [0x0], [/data/user/0/net.bat.store/files/mmkv/dta_kv]
02-14 22:53:21.860 I/MMKV    (12486): <MemoryFile.cpp:98::open> open fd[0x75], /data/user/0/net.bat.store/files/mmkv/dta_kv.crc
02-14 22:53:21.860 I/MMKV    (12486): <MemoryFile.cpp:203::mmap> mmap to address [0x9f54e000], oldPtr [0x0], [/data/user/0/net.bat.store/files/mmkv/dta_kv.crc]
02-14 22:53:21.865 I/ogle.android.g(12279): Waiting for a blocking GC ProfileSaver
02-14 22:53:21.869 I/MMKV    (12486): <MMKV_IO.cpp:214::loadMetaInfoAndCheck> meta file [dta_kv] has flag [0]
02-14 22:53:21.877 I/MMKV    (12486): <MMKV_IO.cpp:84::loadFromFile> loading [dta_kv] with 1005 actual size, file size 4096, InterProcess 1, meta info version:4
02-14 22:53:21.877 I/MMKV    (12486): <MMKV_IO.cpp:89::loadFromFile> loading [dta_kv] with crc 465807823 sequence 8 version 4
02-14 22:53:21.877 I/MMKV    (12486): <MMKV_IO.cpp:133::loadFromFile> loaded [dta_kv] with 3 key-values
02-14 22:53:21.886 W/SoLoader(12447): Prepending SoSource s_fizz_msysinfra-asset-libs: SuperpackSoSource[root = /data/data/com.instagram.lite/app_modules/s_fizz_msysinfra_65b10e3fa09f860d7f24f3c31d70f037a647c55e5ec06c0392a12969329e03f3/download/libs/armeabi-v7a/878910442/asset-libs flags = 1 zipSource = /data/app/~~5LOziIm_e5xBiYaH3LhMaw==/com.instagram.lite-bgW23JgQn8uaEPZ0gfCf-A==/split_s_fizz_msysinfra.apk compressedPath = assets/s_fizz_msysinfra/libs.spk.xz identity = s_fizz_msysinfra]
02-14 22:53:21.892 I/keystore(  617): cb->onFinished
02-14 22:53:21.896 I/ogle.android.g(12279): WaitForGcToComplete blocked ClassLinker on ClassLinker for 1.330s
02-14 22:53:21.898 I/beanpodkeymaster(  415): cmd:18 Received 302 byte response
02-14 22:53:21.899 I/ogle.android.g(12279): WaitForGcToComplete blocked ClassLinker on ClassLinker for 1.195s
02-14 22:53:21.900 I/ogle.android.g(12279): WaitForGcToComplete blocked ProfileSaver on ClassLinker for 34.736ms
02-14 22:53:21.904 I/ogle.android.g(12279): Waiting for a blocking GC ClassLinker
02-14 22:53:21.907 E/LS-ServerManager( 5359): isConnected : mServerRun a.c.a.h0.c.b@2ee5a7
02-14 22:53:21.919 W/.instagram.lit(12447): Opening an oat file without a class loader. Are you using the deprecated DexFile APIs?
02-14 22:53:21.922 I/System.out(12486): [okhttp]:check permission begin!
02-14 22:53:21.925 W/System  (12486): ClassLoader referenced unknown path: system/framework/mediatek-cta.jar
02-14 22:53:21.926 I/System.out(12486): [okhttp] e:java.lang.ClassNotFoundException: com.mediatek.cta.CtaUtils
02-14 22:53:21.929 I/resolv  (  468): resolv_cache_lookup: lookup
02-14 22:53:21.929 I/resolv  (  468): resolv_cache_lookup: FOUND IN CACHE entry=0xb37003d0
02-14 22:53:21.930 I/ResolverController(  468): No valid NAT64 prefix (100, <unspecified>/0)
02-14 22:53:21.932 I/System.out(12486): [socket]:check permission begin!
02-14 22:53:21.933 W/System  (12486): ClassLoader referenced unknown path: system/framework/mediatek-cta.jar
02-14 22:53:21.933 I/MMKV    (12486): <MemoryFile.cpp:98::open> open fd[0x74], /data/user/0/net.bat.store/files/mmkv/statistics_zip_game
02-14 22:53:21.934 I/System.out(12486): [socket] e:java.lang.ClassNotFoundException: com.mediatek.cta.CtaUtils
02-14 22:53:21.935 I/MMKV    (12486): <MemoryFile.cpp:203::mmap> mmap to address [0x9f51c000], oldPtr [0x0], [/data/user/0/net.bat.store/files/mmkv/statistics_zip_game]
02-14 22:53:21.936 I/MMKV    (12486): <MemoryFile.cpp:98::open> open fd[0x77], /data/user/0/net.bat.store/files/mmkv/statistics_zip_game.crc
02-14 22:53:21.936 I/MMKV    (12486): <MemoryFile.cpp:203::mmap> mmap to address [0x9f47c000], oldPtr [0x0], [/data/user/0/net.bat.store/files/mmkv/statistics_zip_game.crc]
02-14 22:53:21.939 I/MMKV    (12486): <MMKV_IO.cpp:214::loadMetaInfoAndCheck> meta file [statistics_zip_game] has flag [0]
02-14 22:53:21.941 I/keystore(  617): cb->onFinished
02-14 22:53:21.941 I/remote_config(12486): control by intervalTime! 2026-02-14 14:53:21 lastRefreshDataTime=2026-02-14 22:06:02
02-14 22:53:21.943 I/MMKV    (12486): <MMKV_IO.cpp:84::loadFromFile> loading [statistics_zip_game] with 532 actual size, file size 4096, InterProcess 1, meta info version:4
02-14 22:53:21.943 I/MMKV    (12486): <MMKV_IO.cpp:89::loadFromFile> loading [statistics_zip_game] with crc 985360427 sequence 1 version 4
02-14 22:53:21.943 I/MMKV    (12486): <MMKV_IO.cpp:133::loadFromFile> loaded [statistics_zip_game] with 1 key-values
02-14 22:53:21.944 W/FbSoLoader(12447): FBSoLoader already initialiazed
02-14 22:53:21.945 W/SoLoader(12447): Registering application split shared_fizz_ms_profilo split_shared_fizz_ms_profilo.apk
02-14 22:53:21.946 I/beanpodkeymaster(  415): Enter BeanpodKeymaster BeginOperation
02-14 22:53:21.947 I/beanpodkeymaster(  415): cmd:4 Received 24 byte response
02-14 22:53:21.947 I/beanpodkeymaster(  415): Exit BeanpodKeymaster BeginOperation
02-14 22:53:21.953 W/SoLoader(12447): Prepending SoSource shared_fizz_ms_profilo-asset-libs: SuperpackSoSource[root = /data/data/com.instagram.lite/app_modules/shared_fizz_ms_profilo_49694d74a281475151e7b62965eb4d8990673460e945d050a824a18358cdd261/download/libs/armeabi-v7a/878910442/asset-libs flags = 1 zipSource = /data/app/~~5LOziIm_e5xBiYaH3LhMaw==/com.instagram.lite-bgW23JgQn8uaEPZ0gfCf-A==/split_shared_fizz_ms_profilo.apk compressedPath = assets/shared_fizz_ms_profilo/libs.spk.xz identity = shared_fizz_ms_profilo]
02-14 22:53:21.963 I/beanpodkeymaster(  415): Enter BeanpodKeymaster UpdateOperation
02-14 22:53:21.963 W/.instagram.lit(12447): Opening an oat file without a class loader. Are you using the deprecated DexFile APIs?
02-14 22:53:21.964 I/beanpodkeymaster(  415): cmd:8 Received 24 byte response
02-14 22:53:21.964 I/beanpodkeymaster(  415): Exit BeanpodKeymaster UpdateOperation
02-14 22:53:21.965 I/net.bat.store(12486): WaitForGcToComplete blocked ClassLinker on ClassLinker for 259.643ms
02-14 22:53:21.969 I/beanpodkeymaster(  415): Enter BeanpodKeymaster FinishOperation
02-14 22:53:21.971 W/net.bat.store(12486): Verification of m1.lc m1.lc.addPublicKeyPins(java.lang.String, java.util.Set, boolean, java.util.Date) took 265.045ms (690.45 bytecodes/s) (3976B approximate peak alloc)
02-14 22:53:21.974 W/FbSoLoader(12447): FBSoLoader already initialiazed
02-14 22:53:21.975 W/SoLoader(12447): Registering application split fizz split_fizz.apk
02-14 22:53:21.980 I/MMKV    (12486): <MemoryFile.cpp:98::open> open fd[0x69], /data/user/0/net.bat.store/files/mmkv/local_zip_game_manager
02-14 22:53:21.980 I/MMKV    (12486): <MemoryFile.cpp:203::mmap> mmap to address [0xa6db9000], oldPtr [0x0], [/data/user/0/net.bat.store/files/mmkv/local_zip_game_manager]
02-14 22:53:21.980 I/MMKV    (12486): <MemoryFile.cpp:98::open> open fd[0x7a], /data/user/0/net.bat.store/files/mmkv/local_zip_game_manager.crc
02-14 22:53:21.981 I/MMKV    (12486): <MemoryFile.cpp:203::mmap> mmap to address [0x9f5a1000], oldPtr [0x0], [/data/user/0/net.bat.store/files/mmkv/local_zip_game_manager.crc]
02-14 22:53:21.981 I/MMKV    (12486): <MMKV_IO.cpp:214::loadMetaInfoAndCheck> meta file [local_zip_game_manager] has flag [0]
02-14 22:53:21.982 I/MMKV    (12486): <MMKV_IO.cpp:84::loadFromFile> loading [local_zip_game_manager] with 3151 actual size, file size 4096, InterProcess 1, meta info version:4
02-14 22:53:21.983 I/MMKV    (12486): <MMKV_IO.cpp:89::loadFromFile> loading [local_zip_game_manager] with crc 1728449720 sequence 1 version 4
02-14 22:53:21.983 I/MMKV    (12486): <MMKV_IO.cpp:133::loadFromFile> loaded [local_zip_game_manager] with 7 key-values
02-14 22:53:21.995 W/SoLoader(12447): Prepending SoSource fizz-asset-libs: SuperpackSoSource[root = /data/data/com.instagram.lite/app_modules/fizz_4a96c73a55f3b8d5f97782907058517a9734b7d79839575327d3d5adc82858e1/download/libs/armeabi-v7a/878910442/asset-libs flags = 1 zipSource = /data/app/~~5LOziIm_e5xBiYaH3LhMaw==/com.instagram.lite-bgW23JgQn8uaEPZ0gfCf-A==/split_fizz.apk compressedPath = assets/fizz/libs.spk.xz identity = fizz]
02-14 22:53:21.996 I/PhenotypeResourceReader( 2360): unable to find any Phenotype resource metadata for net.bat.store
02-14 22:53:22.002 I/beanpodkeymaster(  415): cmd:c Received 56 byte response
02-14 22:53:22.002 I/beanpodkeymaster(  415): Exit BeanpodKeymaster FinishOperation
02-14 22:53:22.013 I/keystore(  617): cb->onFinished
02-14 22:53:22.016 I/beanpodkeymaster(  415): cmd:18 Received 302 byte response
02-14 22:53:22.027 I/keystore(  617): cb->onFinished
02-14 22:53:22.030 I/keystore(  617): cb->onFinished
02-14 22:53:22.032 I/beanpodkeymaster(  415): cmd:20 Received 4 byte response
02-14 22:53:22.033 I/beanpodkeymaster(  415): Enter BeanpodKeymaster BeginOperation
02-14 22:53:22.034 I/beanpodkeymaster(  415): cmd:4 Received 48 byte response
02-14 22:53:22.034 I/beanpodkeymaster(  415): Exit BeanpodKeymaster BeginOperation
02-14 22:53:22.037 I/beanpodkeymaster(  415): cmd:18 Received 302 byte response
02-14 22:53:22.038 I/beanpodkeymaster(  415): Enter BeanpodKeymaster UpdateOperation
02-14 22:53:22.040 I/beanpodkeymaster(  415): cmd:8 Received 34 byte response
02-14 22:53:22.041 I/beanpodkeymaster(  415): Exit BeanpodKeymaster UpdateOperation
02-14 22:53:22.043 I/beanpodkeymaster(  415): Enter BeanpodKeymaster FinishOperation
02-14 22:53:22.043 I/beanpodkeymaster(  415): cmd:c Received 36 byte response
02-14 22:53:22.044 I/beanpodkeymaster(  415): Exit BeanpodKeymaster FinishOperation
02-14 22:53:22.046 I/keystore(  617): cb->onFinished
02-14 22:53:22.048 I/beanpodkeymaster(  415): Enter BeanpodKeymaster BeginOperation
02-14 22:53:22.050 I/beanpodkeymaster(  415): cmd:4 Received 24 byte response
02-14 22:53:22.050 I/beanpodkeymaster(  415): Exit BeanpodKeymaster BeginOperation
02-14 22:53:22.051 I/beanpodkeymaster(  415): Enter BeanpodKeymaster BeginOperation
02-14 22:53:22.052 I/beanpodkeymaster(  415): cmd:4 Received 24 byte response
02-14 22:53:22.052 I/beanpodkeymaster(  415): Exit BeanpodKeymaster BeginOperation
02-14 22:53:22.052 I/beanpodkeymaster(  415): Enter BeanpodKeymaster UpdateOperation
02-14 22:53:22.053 I/beanpodkeymaster(  415): cmd:8 Received 34 byte response
02-14 22:53:22.054 I/beanpodkeymaster(  415): Exit BeanpodKeymaster UpdateOperation
02-14 22:53:22.056 I/beanpodkeymaster(  415): Enter BeanpodKeymaster FinishOperation
02-14 22:53:22.057 I/beanpodkeymaster(  415): cmd:c Received 20 byte response
02-14 22:53:22.057 I/beanpodkeymaster(  415): Exit BeanpodKeymaster FinishOperation
02-14 22:53:22.058 I/beanpodkeymaster(  415): Enter BeanpodKeymaster UpdateOperation
02-14 22:53:22.059 I/beanpodkeymaster(  415): cmd:8 Received 24 byte response
02-14 22:53:22.059 I/beanpodkeymaster(  415): Exit BeanpodKeymaster UpdateOperation
02-14 22:53:22.064 I/beanpodkeymaster(  415): Enter BeanpodKeymaster FinishOperation
02-14 22:53:22.093 W/X.0Is   (12447): Creating default notification channel, id=other, name=Other
02-14 22:53:22.094 I/beanpodkeymaster(  415): cmd:c Received 84 byte response
02-14 22:53:22.094 I/beanpodkeymaster(  415): Exit BeanpodKeymaster FinishOperation
02-14 22:53:22.099 I/beanpodkeymaster(  415): Enter BeanpodKeymaster BeginOperation
02-14 22:53:22.100 I/beanpodkeymaster(  415): cmd:4 Received 24 byte response
02-14 22:53:22.101 I/beanpodkeymaster(  415): Exit BeanpodKeymaster BeginOperation
02-14 22:53:22.105 I/beanpodkeymaster(  415): Enter BeanpodKeymaster UpdateOperation
02-14 22:53:22.105 I/ogle.android.g(12279): WaitForGcToComplete blocked ClassLinker on ProfileSaver for 1.399s
02-14 22:53:22.106 I/beanpodkeymaster(  415): cmd:8 Received 154 byte response
02-14 22:53:22.106 I/beanpodkeymaster(  415): Exit BeanpodKeymaster UpdateOperation
02-14 22:53:22.106 W/SoLoader[NativeDeps](12447): Couldn't find libeverythingmerged_fizz.so in native deps file
02-14 22:53:22.106 W/SoLoader[NativeDeps](12447): Falling back to custom ELF parsing when loading libeverythingmerged_fizz.so, this can be slow
02-14 22:53:22.107 I/ogle.android.g(12279): WaitForGcToComplete blocked CollectorTransition on ClassLinker for 143.501ms
02-14 22:53:22.108 I/beanpodkeymaster(  415): Enter BeanpodKeymaster FinishOperation
02-14 22:53:22.109 I/beanpodkeymaster(  415): cmd:c Received 20 byte response
02-14 22:53:22.109 I/beanpodkeymaster(  415): Exit BeanpodKeymaster FinishOperation
02-14 22:53:22.122 I/ogle.android.g(12279): Waiting for a blocking GC ClassLinker
02-14 22:53:22.125 I/ogle.android.g(12279): Waiting for a blocking GC ClassLinker
02-14 22:53:22.161 W/FirebaseRemoteConfig(12486): No value of type 'Boolean' exists for parameter key 'is_not_show_bottom_recent_module'.
02-14 22:53:22.164 W/FirebaseRemoteConfig(12486): No value of type 'Boolean' exists for parameter key 'connection_net_is_toast'.
02-14 22:53:22.168 W/Looper  ( 1116): Slow dispatch took 126ms main h=com.android.server.notification.NotificationManagerService$WorkerHandler c=com.android.server.notification.NotificationManagerService$CancelNotificationRunnable@defa33c m=0
02-14 22:53:22.176 W/SoLoader[NativeDeps](12447): Couldn't find libeverythingmerged_s_fizz_msys.so in native deps file
02-14 22:53:22.177 W/SoLoader[NativeDeps](12447): Falling back to custom ELF parsing when loading libeverythingmerged_s_fizz_msys.so, this can be slow
02-14 22:53:22.189 W/SoLoader[NativeDeps](12447): Couldn't find libeverythingmerged_shared_fizz_ms_profilo.so in native deps file
02-14 22:53:22.189 W/SoLoader[NativeDeps](12447): Falling back to custom ELF parsing when loading libeverythingmerged_shared_fizz_ms_profilo.so, this can be slow
02-14 22:53:22.195 W/.instagram.lit(12447): Opening an oat file without a class loader. Are you using the deprecated DexFile APIs?
02-14 22:53:22.216 W/SoLoader[NativeDeps](12447): Couldn't find libfb.so in native deps file
02-14 22:53:22.216 I/TranPhoneSwitcher( 1565): msg103
02-14 22:53:22.216 W/SoLoader[NativeDeps](12447): Falling back to custom ELF parsing when loading libfb.so, this can be slow
02-14 22:53:22.225 W/FirebaseRemoteConfig(12486): No value of type 'String' exists for parameter key 'preload_game_config'.
02-14 22:53:22.230 W/SoLoader[NativeDeps](12447): Couldn't find libeverythingmerged_shared_fizz_ms_profilo_1.so in native deps file
02-14 22:53:22.230 W/SoLoader[NativeDeps](12447): Falling back to custom ELF parsing when loading libeverythingmerged_shared_fizz_ms_profilo_1.so, this can be slow
02-14 22:53:22.235 W/SoLoader[NativeDeps](12447): Couldn't find libc++_streams.so in native deps file
02-14 22:53:22.236 W/SoLoader[NativeDeps](12447): Falling back to custom ELF parsing when loading libc++_streams.so, this can be slow
02-14 22:53:22.241 W/MnshttpProvider(12447): MNS-HTTP module not loaded
02-14 22:53:22.257 W/ActivityManager( 1116): Unable to launch app musicplayer.musicapps.music.mp3player/10259 for service Intent { cmp=musicplayer.musicapps.music.mp3player/com.google.android.datatransport.runtime.scheduling.jobscheduling.JobInfoSchedulerService }: AutoStart Limit
02-14 22:53:22.258 W/Thread-9(12447): type=1400 audit(0.0:410): avc: granted { execute } for path="/data/data/com.instagram.lite/app_modules/shared_fizz_ms_profilo_49694d74a281475151e7b62965eb4d8990673460e945d050a824a18358cdd261/download/libs/armeabi-v7a/878910442/asset-libs/libc++_streams.so" dev="dm-10" ino=491146 scontext=u:r:untrusted_app:s0:c121,c257,c512,c768 tcontext=u:object_r:app_data_file:s0:c121,c257,c512,c768 tclass=file app=com.instagram.lite
02-14 22:53:22.264 W/Thread-9(12447): type=1400 audit(0.0:411): avc: granted { execute } for path="/data/data/com.instagram.lite/app_modules/shared_fizz_ms_profilo_49694d74a281475151e7b62965eb4d8990673460e945d050a824a18358cdd261/download/libs/armeabi-v7a/878910442/asset-libs/libeverythingmerged_shared_fizz_ms_profilo_1.so" dev="dm-10" ino=484654 scontext=u:r:untrusted_app:s0:c121,c257,c512,c768 tcontext=u:object_r:app_data_file:s0:c121,c257,c512,c768 tclass=file app=com.instagram.lite
02-14 22:53:22.266 W/ActivityManager( 1116): Unable to launch app com.microsoft.launcher/10206 for service Intent { cmp=com.microsoft.launcher/.report.senderproc.HockeySenderService }: AutoStart Limit
02-14 22:53:22.274 W/SoLoader[NativeDeps](12447): Couldn't find libfbsofterror.so in native deps file
02-14 22:53:22.274 W/SoLoader[NativeDeps](12447): Falling back to custom ELF parsing when loading libfbsofterror.so, this can be slow
02-14 22:53:22.284 W/SoLoader[NativeDeps](12447): Couldn't find libfbjni.so in native deps file
02-14 22:53:22.287 I/U3.h    (12486): Provider GmsCore_OpenSSL not available
02-14 22:53:22.288 W/SoLoader[NativeDeps](12447): Falling back to custom ELF parsing when loading libfbjni.so, this can be slow
02-14 22:53:22.291 W/Thread-9(12447): type=1400 audit(0.0:412): avc: granted { execute } for path="/data/data/com.instagram.lite/app_modules/shared_fizz_ms_profilo_49694d74a281475151e7b62965eb4d8990673460e945d050a824a18358cdd261/download/libs/armeabi-v7a/878910442/asset-libs/libfbjni.so" dev="dm-10" ino=484939 scontext=u:r:untrusted_app:s0:c121,c257,c512,c768 tcontext=u:object_r:app_data_file:s0:c121,c257,c512,c768 tclass=file app=com.instagram.lite
02-14 22:53:22.298 W/Thread-9(12447): type=1400 audit(0.0:413): avc: granted { execute } for path="/data/data/com.instagram.lite/app_modules/shared_fizz_ms_profilo_49694d74a281475151e7b62965eb4d8990673460e945d050a824a18358cdd261/download/libs/armeabi-v7a/878910442/asset-libs/libfbsofterror.so" dev="dm-10" ino=484586 scontext=u:r:untrusted_app:s0:c121,c257,c512,c768 tcontext=u:object_r:app_data_file:s0:c121,c257,c512,c768 tclass=file app=com.instagram.lite
02-14 22:53:22.301 W/Thread-9(12447): type=1400 audit(0.0:414): avc: granted { execute } for path="/data/data/com.instagram.lite/app_modules/shared_fizz_ms_profilo_49694d74a281475151e7b62965eb4d8990673460e945d050a824a18358cdd261/download/libs/armeabi-v7a/878910442/asset-libs/libfb.so" dev="dm-10" ino=484985 scontext=u:r:untrusted_app:s0:c121,c257,c512,c768 tcontext=u:object_r:app_data_file:s0:c121,c257,c512,c768 tclass=file app=com.instagram.lite
02-14 22:53:22.305 W/SoLoader[NativeDeps](12447): Couldn't find libfb.so in native deps file
02-14 22:53:22.316 W/SoLoader[NativeDeps](12447): Falling back to custom ELF parsing when loading libfb.so, this can be slow
02-14 22:53:22.321 I/.instagram.lit(12447): Thread[26,tid=12644,Native,Thread*=0x9fee1410,peer=0x13470f80,"Thread-9"] recursive attempt to load library "/data/data/com.instagram.lite/app_modules/shared_fizz_ms_profilo_49694d74a281475151e7b62965eb4d8990673460e945d050a824a18358cdd261/download/libs/armeabi-v7a/878910442/asset-libs/libfb.so"
02-14 22:53:22.322 D/Griffin/ComponentManager( 1116): Limit start proc:musicplayer.musicapps.music.mp3player for 3rd-normal-service caller=system/1116,Intent { cmp=musicplayer.musicapps.music.mp3player/com.google.android.datatransport.runtime.scheduling.jobscheduling.JobInfoSchedulerService }
02-14 22:53:22.322 W/ActivityManager( 1116): Unable to launch app musicplayer.musicapps.music.mp3player/10259 for service Intent { cmp=musicplayer.musicapps.music.mp3player/com.google.android.datatransport.runtime.scheduling.jobscheduling.JobInfoSchedulerService }: AutoStart Limit
02-14 22:53:22.322 D/JobScheduler( 1116): Error executing JobStatus{6fecf6 #u0a259/1514810417 musicplayer.musicapps.music.mp3player/com.google.android.datatransport.runtime.scheduling.jobscheduling.JobInfoSchedulerService u=0 s=10259 TIME=-3m12s620ms:none NET READY}
02-14 22:53:22.346 W/SoLoader[NativeDeps](12447): Couldn't find libsodium.so in native deps file
02-14 22:53:22.346 W/SoLoader[NativeDeps](12447): Falling back to custom ELF parsing when loading libsodium.so, this can be slow
02-14 22:53:22.368 W/.instagram.lit(12447): DexFile /data/app/~~5LOziIm_e5xBiYaH3LhMaw==/com.instagram.lite-bgW23JgQn8uaEPZ0gfCf-A==/base.apk is in boot class path but is not in a known location
02-14 22:53:22.369 W/.instagram.lit(12447): Opening an oat file without a class loader. Are you using the deprecated DexFile APIs?
02-14 22:53:22.383 I/HttpFlagsLoader(12486): HTTP flags log line (Impl): Using live production flag values from Google
02-14 22:53:22.404 W/FirebaseRemoteConfig(12486): No value of type 'String' exists for parameter key 'localPushTriggerAB'.
02-14 22:53:22.407 I/keystore(  617): cb->onFinished
02-14 22:53:22.409 W/FirebaseRemoteConfig(12486): No value of type 'String' exists for parameter key 'aha_apm_switch'.
02-14 22:53:22.422 I/beanpodkeymaster(  415): cmd:18 Received 302 byte response
02-14 22:53:22.438 W/FirebaseRemoteConfig(12486): No value of type 'Boolean' exists for parameter key 'h5_point_center_control'.
02-14 22:53:22.445 D/UntrustedWifiNetworkFactory( 1116): got request NetworkRequest [ TRACK_DEFAULT id=190, [ Capabilities: INTERNET&NOT_RESTRICTED&TRUSTED Uid: 10152 AdministratorUids: [] RequestorUid: 10152 RequestorPackageName: net.bat.store] ] with score 60 and providerId 5
02-14 22:53:22.445 D/WifiNetworkFactory( 1116): got request NetworkRequest [ TRACK_DEFAULT id=190, [ Capabilities: INTERNET&NOT_RESTRICTED&TRUSTED Uid: 10152 AdministratorUids: [] RequestorUid: 10152 RequestorPackageName: net.bat.store] ] with score 60 and providerId 5
02-14 22:53:22.445 D/PhoneSwitcherNetworkRequstListener( 1565): got request NetworkRequest [ TRACK_DEFAULT id=190, [ Capabilities: INTERNET&NOT_RESTRICTED&TRUSTED Uid: 10152 AdministratorUids: [] RequestorUid: 10152 RequestorPackageName: net.bat.store] ] with score 60 and providerId 5
02-14 22:53:22.445 I/TranPhoneSwitcher( 1565): msg103
02-14 22:53:22.456 W/FirebaseRemoteConfig(12486): No value of type 'String' exists for parameter key 'home_banner_ad_preload_timeout'.
02-14 22:53:22.467 W/FirebaseRemoteConfig(12486): No value of type 'String' exists for parameter key 'continue_play_interval'.
