02-14 22:53:09.751 W/ActivityManager( 1116): Unable to launch app com.microsoft.launcher/10206 for service Intent { cmp=com.microsoft.launcher/.report.senderproc.HockeySenderService }: AutoStart Limit
02-14 22:53:09.752 W/ActivityManager( 1116): Unable to launch app com.instagram.lite/10377 for service Intent { cmp=com.instagram.lite/com.facebook.lite.intent.PeriodicTaskJobService }: AutoStart Limit
02-14 22:53:10.017 I/ActivityManager( 1116): Start proc 11891:com.transsion.deskclock/1000 for broadcast {com.transsion.deskclock/com.transsion.alarmclock.DigitalAppWidgetProvider}
02-14 22:53:10.612 I/ActivityManager( 1116): Start proc 11921:com.mediatek.simprocessor/1000 for broadcast {com.mediatek.simprocessor/com.mediatek.simprocessor.BootCmpReceiver}
02-14 22:53:10.773 W/ContextImpl(11921): Calling a method in the system process without a qualified user: android.app.ContextImpl.startService:1765 android.content.ContextWrapper.startService:735 android.content.ContextWrapper.startService:735 com.mediatek.simprocessor.BootCmpReceiver.startSimService:130 com.mediatek.simprocessor.BootCmpReceiver.presetServiceNumber:167 
02-14 22:53:10.779 W/BroadcastQueue( 1116): Background execution not allowed: receiving Intent { act=android.intent.action.DROPBOX_ENTRY_ADDED flg=0x10 (has extras) } to com.google.android.gms/.stats.service.DropBoxEntryAddedReceiver
02-14 22:53:10.788 W/BroadcastQueue( 1116): Background execution not allowed: receiving Intent { act=android.intent.action.DROPBOX_ENTRY_ADDED flg=0x10 (has extras) } to com.google.android.gms/.stats.service.DropBoxEntryAddedReceiver
02-14 22:53:10.834 I/ActivityManager( 1116): Start proc 11945:com.google.android.apps.searchlite/u0a107 for broadcast {com.google.android.apps.searchlite/com.google.android.apps.searchlite.widget.SearchLiteWidgetProvider}
02-14 22:53:10.960 W/ActivityManager( 1116): Unable to start service Intent { act=com.google.android.gms.identitycredentials.service.START pkg=com.google.android.gms } U=0: not found
02-14 22:53:10.960 I/ActivityManager( 1116): Process com.mediatek.simprocessor (pid 11921) has died: fg  SVC 
02-14 22:53:10.973 W/ActivityManager( 1116): Unbind failed: could not find connection for android.os.BinderProxy@9002e3c
02-14 22:53:11.040 W/NotificationHistory( 1116): Attempted to add notif for locked/gone/disabled user 0
02-14 22:53:11.735 I/ActivityManager( 1116): Force stopping com.spazoodle.guardian appid=10431 user=0: start instr
02-14 22:53:11.763 I/ActivityManager( 1116): Start proc 11983:com.spazoodle.guardian/u0a431 for added application com.spazoodle.guardian
02-14 22:53:12.451 W/ActivityManager( 1116): Unable to launch app musicplayer.musicapps.music.mp3player/10259 for service Intent { cmp=musicplayer.musicapps.music.mp3player/com.google.android.datatransport.runtime.scheduling.jobscheduling.JobInfoSchedulerService }: AutoStart Limit
02-14 22:53:12.457 W/ActivityManager( 1116): Unable to launch app com.microsoft.launcher/10206 for service Intent { cmp=com.microsoft.launcher/.report.senderproc.HockeySenderService }: AutoStart Limit
02-14 22:53:12.480 W/ActivityManager( 1116): Unable to launch app com.instagram.lite/10377 for service Intent { cmp=com.instagram.lite/com.facebook.lite.intent.PeriodicTaskJobService }: AutoStart Limit
02-14 22:53:12.530 W/ActivityManager( 1116): Unable to launch app musicplayer.musicapps.music.mp3player/10259 for service Intent { cmp=musicplayer.musicapps.music.mp3player/com.google.android.datatransport.runtime.scheduling.jobscheduling.JobInfoSchedulerService }: AutoStart Limit
02-14 22:53:12.532 W/ActivityManager( 1116): Unable to launch app com.microsoft.launcher/10206 for service Intent { cmp=com.microsoft.launcher/.report.senderproc.HockeySenderService }: AutoStart Limit
02-14 22:53:12.793 W/ActivityManager( 1116): Unable to launch app musicplayer.musicapps.music.mp3player/10259 for service Intent { cmp=musicplayer.musicapps.music.mp3player/com.google.android.datatransport.runtime.scheduling.jobscheduling.JobInfoSchedulerService }: AutoStart Limit
02-14 22:53:12.794 W/ActivityManager( 1116): Unable to launch app com.microsoft.launcher/10206 for service Intent { cmp=com.microsoft.launcher/.report.senderproc.HockeySenderService }: AutoStart Limit
02-14 22:53:13.118 W/BroadcastQueue( 1116): Background execution not allowed: receiving Intent { act=android.intent.action.DROPBOX_ENTRY_ADDED flg=0x10 (has extras) } to com.google.android.gms/.stats.service.DropBoxEntryAddedReceiver
02-14 22:53:13.123 W/BroadcastQueue( 1116): Background execution not allowed: receiving Intent { act=android.intent.action.DROPBOX_ENTRY_ADDED flg=0x10 (has extras) } to com.google.android.gms/.stats.service.DropBoxEntryAddedReceiver
02-14 22:53:13.124 W/BroadcastQueue( 1116): Background execution not allowed: receiving Intent { act=android.intent.action.DROPBOX_ENTRY_ADDED flg=0x10 (has extras) } to com.google.android.gms/.stats.service.DropBoxEntryAddedReceiver
02-14 22:53:13.142 W/ActivityManager( 1116): Unable to launch app musicplayer.musicapps.music.mp3player/10259 for service Intent { cmp=musicplayer.musicapps.music.mp3player/com.google.android.datatransport.runtime.scheduling.jobscheduling.JobInfoSchedulerService }: AutoStart Limit
02-14 22:53:13.147 W/ActivityManager( 1116): Unable to launch app com.microsoft.launcher/10206 for service Intent { cmp=com.microsoft.launcher/.report.senderproc.HockeySenderService }: AutoStart Limit
02-14 22:53:13.149 W/ActivityManager( 1116): Unable to launch app com.instagram.lite/10377 for service Intent { cmp=com.instagram.lite/com.facebook.lite.intent.PeriodicTaskJobService }: AutoStart Limit
02-14 22:53:13.417 I/ActivityManager( 1116): Start proc 12032:com.rlk.weathers/u0a168 for broadcast {com.rlk.weathers/com.rlk.weathers.widget.WeatherWidgetProvider}
02-14 22:53:13.450 I/ActivityManager( 1116): Start proc 12038:com.transsnet.store/u0a149 for service {com.transsnet.store/com.transsion.newphonerecommend.service.NewPhoneJobService}
02-14 22:53:13.638 E/LoadedApk(12032): Unable to instantiate appComponentFactory
02-14 22:53:13.638 E/LoadedApk(12032): java.lang.ClassNotFoundException: Didn't find class "androidx.core.app.CoreComponentFactory" on path: DexPathList[[zip file "/system_ext/app/Weather/Weather.apk"],nativeLibraryDirectories=[/system_ext/app/Weather/lib/arm, /system/lib, /system_ext/lib, /system/lib, /system_ext/lib]]
02-14 22:53:13.638 E/LoadedApk(12032): 	at dalvik.system.BaseDexClassLoader.findClass(BaseDexClassLoader.java:207)
02-14 22:53:13.638 E/LoadedApk(12032): 	at java.lang.ClassLoader.loadClass(ClassLoader.java:379)
02-14 22:53:13.638 E/LoadedApk(12032): 	at java.lang.ClassLoader.loadClass(ClassLoader.java:312)
02-14 22:53:13.638 E/LoadedApk(12032): 	at android.app.LoadedApk.createAppFactory(LoadedApk.java:264)
02-14 22:53:13.638 E/LoadedApk(12032): 	at android.app.LoadedApk.createOrUpdateClassLoaderLocked(LoadedApk.java:909)
02-14 22:53:13.638 E/LoadedApk(12032): 	at android.app.LoadedApk.getClassLoader(LoadedApk.java:962)
02-14 22:53:13.638 E/LoadedApk(12032): 	at android.app.LoadedApk.getResources(LoadedApk.java:1194)
02-14 22:53:13.638 E/LoadedApk(12032): 	at android.app.ContextImpl.createAppContext(ContextImpl.java:2801)
02-14 22:53:13.638 E/LoadedApk(12032): 	at android.app.ContextImpl.createAppContext(ContextImpl.java:2793)
02-14 22:53:13.638 E/LoadedApk(12032): 	at android.app.ActivityThread.handleBindApplication(ActivityThread.java:6924)
02-14 22:53:13.638 E/LoadedApk(12032): 	at android.app.ActivityThread.access$1500(ActivityThread.java:263)
02-14 22:53:13.638 E/LoadedApk(12032): 	at android.app.ActivityThread$H.handleMessage(ActivityThread.java:2032)
02-14 22:53:13.638 E/LoadedApk(12032): 	at android.os.Handler.dispatchMessage(Handler.java:106)
02-14 22:53:13.638 E/LoadedApk(12032): 	at android.os.Looper.loop(Looper.java:268)
02-14 22:53:13.638 E/LoadedApk(12032): 	at android.app.ActivityThread.main(ActivityThread.java:8016)
02-14 22:53:13.638 E/LoadedApk(12032): 	at java.lang.reflect.Method.invoke(Native Method)
02-14 22:53:13.638 E/LoadedApk(12032): 	at com.android.internal.os.RuntimeInit$MethodAndArgsCaller.run(RuntimeInit.java:627)
02-14 22:53:13.638 E/LoadedApk(12032): 	at com.android.internal.os.ZygoteInit.main(ZygoteInit.java:997)
02-14 22:53:14.200 W/ActivityManager( 1116): Unable to launch app musicplayer.musicapps.music.mp3player/10259 for service Intent { cmp=musicplayer.musicapps.music.mp3player/com.google.android.datatransport.runtime.scheduling.jobscheduling.JobInfoSchedulerService }: AutoStart Limit
02-14 22:53:14.203 W/ActivityManager( 1116): Unable to launch app com.microsoft.launcher/10206 for service Intent { cmp=com.microsoft.launcher/.report.senderproc.HockeySenderService }: AutoStart Limit
02-14 22:53:14.292 W/ActivityManager( 1116): Unable to launch app com.instagram.lite/10377 for service Intent { cmp=com.instagram.lite/com.facebook.lite.intent.PeriodicTaskJobService }: AutoStart Limit
02-14 22:53:14.321 W/Griffin/ComponentManager( 1116): limitStartProcessForReceiver caller is null
02-14 22:53:14.353 I/ActivityManager( 1116): Start proc 12118:com.android.providers.calendar/u0a64 for broadcast {com.android.providers.calendar/com.android.providers.calendar.CalendarProviderBroadcastReceiver}
02-14 22:53:14.559 W/UriGrantsManagerService( 1116): No permission grants found for com.transsnet.store
02-14 22:53:14.611 E/PackageDexUsage( 1116): Unsupported context?
02-14 22:53:14.845 W/ActivityManager( 1116): Slow operation: 54ms so far, now at startProcess: returned from zygote!
02-14 22:53:14.847 W/ActivityManager( 1116): Slow operation: 56ms so far, now at startProcess: done updating battery stats
02-14 22:53:14.847 W/ActivityManager( 1116): Slow operation: 56ms so far, now at startProcess: building log message
02-14 22:53:14.847 I/ActivityManager( 1116): Start proc 12194:com.android.chrome/u0a117 for broadcast {com.android.chrome/com.google.android.apps.chrome.rlz.RevenueStatsConfigurationUpdateReceiver}
02-14 22:53:14.847 W/ActivityManager( 1116): Slow operation: 56ms so far, now at startProcess: starting to update pids map
02-14 22:53:14.850 W/ActivityManager( 1116): Slow operation: 59ms so far, now at startProcess: done updating pids map
02-14 22:53:14.965 W/ActivityManager( 1116): Unable to launch app musicplayer.musicapps.music.mp3player/10259 for service Intent { cmp=musicplayer.musicapps.music.mp3player/com.google.android.datatransport.runtime.scheduling.jobscheduling.JobInfoSchedulerService }: AutoStart Limit
02-14 22:53:14.983 W/ActivityManager( 1116): Unable to launch app com.microsoft.launcher/10206 for service Intent { cmp=com.microsoft.launcher/.report.senderproc.HockeySenderService }: AutoStart Limit
02-14 22:53:14.984 W/Looper  ( 1116): Slow dispatch took 253ms main h=com.android.server.job.JobSchedulerService$JobHandler c=null m=3
02-14 22:53:14.984 W/Looper  ( 1116): Slow delivery took 249ms main h=com.android.server.AlarmManagerService$AlarmHandler c=android.app.PendingIntent$FinishedDispatcher@c8e49ae m=0
02-14 22:53:15.141 W/ActivityManager( 1116): Unable to launch app com.instagram.lite/10377 for service Intent { cmp=com.instagram.lite/com.facebook.lite.intent.PeriodicTaskJobService }: AutoStart Limit
02-14 22:53:15.141 W/Looper  ( 1116): Slow dispatch took 157ms main h=com.android.server.job.JobSchedulerService$JobHandler c=null m=7
02-14 22:53:15.251 W/ActivityManager( 1116): Unable to launch app musicplayer.musicapps.music.mp3player/10259 for service Intent { cmp=musicplayer.musicapps.music.mp3player/com.google.android.datatransport.runtime.scheduling.jobscheduling.JobInfoSchedulerService }: AutoStart Limit
02-14 22:53:15.253 W/ActivityManager( 1116): Unable to launch app com.microsoft.launcher/10206 for service Intent { cmp=com.microsoft.launcher/.report.senderproc.HockeySenderService }: AutoStart Limit
02-14 22:53:15.268 W/ActivityManager( 1116): Unable to launch app com.instagram.lite/10377 for service Intent { cmp=com.instagram.lite/com.facebook.lite.intent.PeriodicTaskJobService }: AutoStart Limit
02-14 22:53:15.269 W/Looper  ( 1116): Drained
02-14 22:53:15.320 W/ActivityManager( 1116): Unable to launch app musicplayer.musicapps.music.mp3player/10259 for service Intent { cmp=musicplayer.musicapps.music.mp3player/com.google.android.datatransport.runtime.scheduling.jobscheduling.JobInfoSchedulerService }: AutoStart Limit
02-14 22:53:15.321 W/ActivityManager( 1116): Unable to launch app com.microsoft.launcher/10206 for service Intent { cmp=com.microsoft.launcher/.report.senderproc.HockeySenderService }: AutoStart Limit
02-14 22:53:15.323 W/ActivityManager( 1116): Unable to launch app com.instagram.lite/10377 for service Intent { cmp=com.instagram.lite/com.facebook.lite.intent.PeriodicTaskJobService }: AutoStart Limit
--------- beginning of main
02-14 22:53:15.384 I/beanpodkeymaster(  415): cmd:c Received 84 byte response
02-14 22:53:15.384 I/beanpodkeymaster(  415): Exit BeanpodKeymaster FinishOperation
02-14 22:53:15.386 W/.android.chrom(12194): JIT profile information will not be recorded: profile file does not exist.
02-14 22:53:15.408 W/ChimeraUtils( 2360): Module com.google.android.gms.notifications missing resource null(0)
02-14 22:53:15.413 W/transsnet.stor(12038): Verification of int m7.aww.c(java.lang.Object, byte[], int, int, int, m7.aul) took 243.426ms (15594.03 bytecodes/s) (57104B approximate peak alloc)
02-14 22:53:15.419 W/ActivityManager( 1116): Unable to launch app musicplayer.musicapps.music.mp3player/10259 for service Intent { cmp=musicplayer.musicapps.music.mp3player/com.google.android.datatransport.runtime.scheduling.jobscheduling.JobInfoSchedulerService }: AutoStart Limit
02-14 22:53:15.422 W/ActivityManager( 1116): Unable to launch app com.microsoft.launcher/10206 for service Intent { cmp=com.microsoft.launcher/.report.senderproc.HockeySenderService }: AutoStart Limit
02-14 22:53:15.424 W/ActivityManager( 1116): Unable to launch app com.instagram.lite/10377 for service Intent { cmp=com.instagram.lite/com.facebook.lite.intent.PeriodicTaskJobService }: AutoStart Limit
02-14 22:53:15.453 I/LoadedApk(12194): No resource references to update in package com.transsion.theme.icon
02-14 22:53:15.456 I/LoadedApk(12194): No resource references to update in package com.google.android.trichromelibrary
02-14 22:53:15.475 I/GmsCoreXrpcWrapper( 2360): (REDACTED) Returning a channel provider with trafficStatsTag=%d trafficStatsUid=%d
02-14 22:53:15.534 I/cr_SplitCompatApp(12194): version=144.0.7559.132 (755913230) minSdkVersion=29 processName=com.android.chrome isIsolatedProcess=false splits=chrome,config.en,dev_ui,on_demand,stack_unwinder,test_dummy
02-14 22:53:15.597 I/resolv  (  468): resolv_cache_lookup: lookup
02-14 22:53:15.597 I/resolv  (  468): resolv_cache_lookup: NOT IN CACHE
02-14 22:53:15.597 I/resolv  (  468): resolv_populate_res_for_net: netid=100
02-14 22:53:15.597 I/resolv  (  468): res_stats_usable_server: NS stats: S 40 + E 0 + T 0 + I 0 = 40, rtt = 100, min_samples = 8
02-14 22:53:15.597 I/resolv  (  468): res_stats_usable_server: success rate 100
02-14 22:53:15.598 I/resolv  (  468): get_timeout: using timeout of 5000 msec
02-14 22:53:15.598 I/resolv  (  468): retrying_poll: 58 retrying_poll
02-14 22:53:15.609 W/transsnet.stor(12038): Verification of void m7.aww.m(java.lang.Object, m7.avf) took 118.327ms (13099.19 bytecodes/s) (17600B approximate peak alloc)
02-14 22:53:15.650 I/keystore(  617): cb->onFinished
02-14 22:53:15.653 I/beanpodkeymaster(  415): cmd:18 Received 302 byte response
02-14 22:53:15.669 W/NotificationHistory( 1116): Attempted to add notif for locked/gone/disabled user 0
02-14 22:53:15.698 I/keystore(  617): cb->onFinished
02-14 22:53:15.701 I/beanpodkeymaster(  415): cmd:18 Received 302 byte response
02-14 22:53:15.707 I/keystore(  617): cb->onFinished
02-14 22:53:15.713 I/beanpodkeymaster(  415): cmd:18 Received 302 byte response
02-14 22:53:15.720 I/keystore(  617): cb->onFinished
02-14 22:53:15.723 I/beanpodkeymaster(  415): Enter BeanpodKeymaster BeginOperation
02-14 22:53:15.724 I/beanpodkeymaster(  415): cmd:4 Received 24 byte response
02-14 22:53:15.724 I/beanpodkeymaster(  415): Exit BeanpodKeymaster BeginOperation
02-14 22:53:15.727 I/beanpodkeymaster(  415): Enter BeanpodKeymaster UpdateOperation
02-14 22:53:15.728 I/beanpodkeymaster(  415): cmd:8 Received 24 byte response
02-14 22:53:15.728 I/beanpodkeymaster(  415): Exit BeanpodKeymaster UpdateOperation
02-14 22:53:15.730 I/beanpodkeymaster(  415): Enter BeanpodKeymaster FinishOperation
02-14 22:53:15.759 I/beanpodkeymaster(  415): cmd:c Received 56 byte response
02-14 22:53:15.759 I/beanpodkeymaster(  415): Exit BeanpodKeymaster FinishOperation
02-14 22:53:15.846 E/LS-ServerManager( 5359): isConnected : mServerRun a.c.a.h0.c.b@2ee5a7
02-14 22:53:15.895 I/cr_LibraryLoader(12194): Loading monochrome from within /data/app/~~QRnJknsVcIROwaNVazT4GQ==/com.android.chrome-xqRjaORMsjlD8hIOq_jhrg==/base.apk
02-14 22:53:15.998 I/AlarmManager( 2360): setExactAndAllowWhileIdle [name: GCM_CONN_ALARM type: 2 triggerAtMillis: 269659]
02-14 22:53:16.040 W/ChimeraUtils( 2360): Module com.google.android.gms.location_base missing resource location_module_display_name(0)
02-14 22:53:16.047 I/DrivingDndInitializer( 2360): Starting Driving Mode logger service for heartbeat
02-14 22:53:16.056 W/ChimeraUtils( 2360): Module com.google.android.gms.location_base missing resource location_module_display_name(0)
02-14 22:53:16.060 W/ChimeraUtils( 2360): Module com.google.android.gms.location_base missing resource location_module_display_name(0)
02-14 22:53:16.063 W/ActivityManager( 1116): Unable to start service Intent { act=com.google.android.gms.wearable.BIND pkg=com.google.android.gms } U=0: not found
02-14 22:53:16.065 W/ActivityManager( 1116): Unbind failed: could not find connection for android.os.BinderProxy@1d5a00d
02-14 22:53:16.066 W/GmsClient( 2360): unable to connect to service: com.google.android.gms.wearable.BIND on com.google.android.gms
02-14 22:53:16.066 W/GoogleApiManager( 2360): Not showing notification since connectionResult is not user-facing: ConnectionResult{statusCode=API_UNAVAILABLE, resolution=null, message=null, clientMethodKey=null}
02-14 22:53:16.098 W/ChimeraUtils( 2360): Module com.google.android.gms.location__nonwearable missing resource location_module_display_name(0)
02-14 22:53:16.103 I/DrivingDndInitializer( 2360): handled driving mode setting configs
02-14 22:53:16.108 W/ThreadPoolForeg(10607): type=1400 audit(0.0:397): avc: denied { write } for name="traced_producer" dev="tmpfs" ino=16465 scontext=u:r:gmscore_app:s0:c512,c768 tcontext=u:object_r:traced_producer_socket:s0 tclass=sock_file permissive=0 app=com.google.android.gms
02-14 22:53:16.108 W/BroadcastQueue( 1116): Background execution not allowed: receiving Intent { act=android.net.wifi.STATE_CHANGE flg=0x4000010 (has extras) } to com.transsion.phoenix/com.cloudview.daemon.way.broadcast.DaemonBroadCastReceiver
02-14 22:53:16.111 W/BroadcastQueue( 1116): Background execution not allowed: receiving Intent { act=android.net.wifi.STATE_CHANGE flg=0x4000010 (has extras) } to com.transsion.phoenix/com.cloudview.daemon.way.broadcast.DaemonBroadCastReceiver
02-14 22:53:16.113 I/chatty  ( 1116): uid=1000(system) ActivityManager identical 2 lines
02-14 22:53:16.113 W/BroadcastQueue( 1116): Background execution not allowed: receiving Intent { act=android.net.wifi.STATE_CHANGE flg=0x4000010 (has extras) } to com.transsion.phoenix/com.cloudview.daemon.way.broadcast.DaemonBroadCastReceiver
02-14 22:53:16.122 I/CAR.DRIVINGMODE( 2360): Successfully unregister transition listener
02-14 22:53:16.124 I/EnterpriseLoader( 2423): [ConditionsChecker] ZT config not present. [CONTEXT service_id=225 ]
02-14 22:53:16.133 I/FontLog ( 2360): (REDACTED) Received query %s, URI %s
02-14 22:53:16.134 I/FontLog ( 2360): (REDACTED) Query [%s] resolved to %s
02-14 22:53:16.137 I/FontLog ( 2360): (REDACTED) Font PFD returned from cache for %s
02-14 22:53:16.138 I/FontLog ( 2360): (REDACTED) Fetch %s end status %s
02-14 22:53:16.149 I/ActivityManager( 1116): Start proc 12279:com.google.android.gm/u0a139 for broadcast {com.google.android.gm/com.google.firebase.iid.FirebaseInstanceIdReceiver}
02-14 22:53:16.149 I/FZ2.UID ( 1116): UidManager.insert new uid insert uid: 10139
02-14 22:53:16.152 I/lowmemorykiller(  360): Kill 'net.bat.store' (11276), uid 10152, oom_adj 955 to free 131408kB; reason: low watermark is breached and thrashing (31%)
02-14 22:53:16.179 E/ogle.android.g(12279): Not starting debugger since process cannot load the jdwp agent.
02-14 22:53:16.204 I/Zygote  (  469): Process 11276 exited due to signal 9 (Killed)
02-14 22:53:16.207 I/ActivityManager( 1116): Process net.bat.store (pid 11276) has died: cch+55 CEM 
02-14 22:53:16.208 I/libprocessgroup( 1116): Successfully killed process cgroup uid 10152 pid 11276 in 0ms
02-14 22:53:16.212 I/TranPhoneSwitcher( 1565): msg104
02-14 22:53:16.213 I/FZ2.UID ( 1116): UidManager.delete uid: 10152  11276
02-14 22:53:16.216 I/apps.searchlit(11945): Waiting for a blocking GC ProfileSaver
02-14 22:53:16.220 I/libPowerHal(  489): [perfNotifyAppState] pack:net.bat.store, pid:11276, STATE_DEAD
02-14 22:53:16.229 I/TranPhoneSwitcher( 1565): msg104
02-14 22:53:16.233 I/TranPhoneSwitcher( 1565): msg104
02-14 22:53:16.256 E/libc    (12194): Access denied finding property "ro.vendor.api_level"
02-14 22:53:16.279 I/ogle.android.g(12279): The ClassLoaderContext is a special shared library.
02-14 22:53:16.287 I/FontLog ( 2360): (REDACTED) Pulling font file for id = %d, cache size = %d
02-14 22:53:16.343 E/transsnet.stor(12038): No package ID 74 found for ID 0x740b0013.
02-14 22:53:16.406 I/cr_LibraryLoader(12194): Successfully loaded native library
02-14 22:53:16.484 W/ActivityManager( 1116): Unable to launch app musicplayer.musicapps.music.mp3player/10259 for service Intent { cmp=musicplayer.musicapps.music.mp3player/com.google.android.datatransport.runtime.scheduling.jobscheduling.JobInfoSchedulerService }: AutoStart Limit
02-14 22:53:16.486 W/ActivityManager( 1116): Unable to launch app com.microsoft.launcher/10206 for service Intent { cmp=com.microsoft.launcher/.report.senderproc.HockeySenderService }: AutoStart Limit
02-14 22:53:16.488 W/ActivityManager( 1116): Unable to launch app com.instagram.lite/10377 for service Intent { cmp=com.instagram.lite/com.facebook.lite.intent.PeriodicTaskJobService }: AutoStart Limit
02-14 22:53:16.506 I/cr_CachingUmaRecorder(12194): Flushed 13 samples from 12 histograms, 0 samples were dropped.
02-14 22:53:16.507 I/FA      (12038): App measurement initialized, version: 152008
02-14 22:53:16.537 I/resolv  (  468): retrying_poll: 58 retrying_poll returning 1
02-14 22:53:16.537 I/resolv  (  468): res_nsend: used send_dg 113 terrno: 0
02-14 22:53:16.537 I/resolv  (  468): res_stats_set_sample: rcode = 0, sec = 939
02-14 22:53:16.537 I/resolv  (  468): res_cache_add_stats_sample_locked: adding sample to stats, next = 40, count = 40
02-14 22:53:16.537 I/resolv  (  468): answer_getTTL: TTL = 122
02-14 22:53:16.537 I/resolv  (  468): _cache_add_p: entry 39 added (count=38)
02-14 22:53:16.537 I/resolv  (  468): cache_dump_mru_locked: MRU LIST (38):  39 23 38 37 36 35 34 8 31 33 16 30 29 28 27 26 25 24 20 22 21 19 18 17 15 14 13 12 11 10 6 9 7 5 4 3 1 2
02-14 22:53:16.558 I/apps.searchlit(11945): WaitForGcToComplete blocked ProfileSaver on ClassLinker for 341.510ms
02-14 22:53:16.591 I/FA      (12038): To enable debug logging run: adb shell setprop log.tag.FA VERBOSE
02-14 22:53:16.596 I/FA      (12038): To enable faster debug mode event logging run:
02-14 22:53:16.596 I/FA      (12038):   adb shell setprop debug.firebase.analytics.app com.transsnet.store
02-14 22:53:16.600 I/apps.searchlit(11945): WaitForGcToComplete blocked RunEmptyCheckpoint on ProfileSaver for 30.193ms
02-14 22:53:16.638 I/FontLog ( 2360): (REDACTED) Received query %s, URI %s
02-14 22:53:16.639 I/FontLog ( 2360): (REDACTED) Query [%s] resolved to %s
02-14 22:53:16.642 I/FontLog ( 2360): (REDACTED) Font PFD returned from cache for %s
02-14 22:53:16.643 I/FontLog ( 2360): (REDACTED) Fetch %s end status %s
02-14 22:53:16.654 I/FontLog ( 2360): (REDACTED) Pulling font file for id = %d, cache size = %d
02-14 22:53:16.820 I/FontLog ( 2360): (REDACTED) Received query %s, URI %s
02-14 22:53:16.820 I/FontLog ( 2360): (REDACTED) Query [%s] resolved to %s
02-14 22:53:16.823 I/FontLog ( 2360): (REDACTED) Font PFD returned from cache for %s
02-14 22:53:16.823 I/FontLog ( 2360): (REDACTED) Fetch %s end status %s
02-14 22:53:16.840 I/FontLog ( 2360): (REDACTED) Pulling font file for id = %d, cache size = %d
02-14 22:53:16.848 W/ogle.android.g(12279): JIT profile information will not be recorded: profile file does not exist.
02-14 22:53:16.849 I/chatty  (12279): uid=10139(com.google.android.gm) identical 1 line
02-14 22:53:16.920 W/ActivityManager( 1116): Unable to launch app musicplayer.musicapps.music.mp3player/10259 for service Intent { cmp=musicplayer.musicapps.music.mp3player/com.google.android.datatransport.runtime.scheduling.jobscheduling.JobInfoSchedulerService }: AutoStart Limit
02-14 22:53:16.922 W/ActivityManager( 1116): Unable to launch app com.microsoft.launcher/10206 for service Intent { cmp=com.microsoft.launcher/.report.senderproc.HockeySenderService }: AutoStart Limit
02-14 22:53:16.924 W/ActivityManager( 1116): Unable to launch app com.instagram.lite/10377 for service Intent { cmp=com.instagram.lite/com.facebook.lite.intent.PeriodicTaskJobService }: AutoStart Limit
02-14 22:53:17.229 W/ActivityManager( 1116): Unable to launch app musicplayer.musicapps.music.mp3player/10259 for service Intent { cmp=musicplayer.musicapps.music.mp3player/com.google.android.datatransport.runtime.scheduling.jobscheduling.JobInfoSchedulerService }: AutoStart Limit
02-14 22:53:17.231 W/ActivityManager( 1116): Unable to launch app com.microsoft.launcher/10206 for service Intent { cmp=com.microsoft.launcher/.report.senderproc.HockeySenderService }: AutoStart Limit
02-14 22:53:17.233 W/ActivityManager( 1116): Unable to launch app com.instagram.lite/10377 for service Intent { cmp=com.instagram.lite/com.facebook.lite.intent.PeriodicTaskJobService }: AutoStart Limit
02-14 22:53:17.627 W/ActivityManager( 1116): Unable to launch app musicplayer.musicapps.music.mp3player/10259 for service Intent { cmp=musicplayer.musicapps.music.mp3player/com.google.android.datatransport.runtime.scheduling.jobscheduling.JobInfoSchedulerService }: AutoStart Limit
02-14 22:53:17.630 W/ActivityManager( 1116): Unable to launch app com.microsoft.launcher/10206 for service Intent { cmp=com.microsoft.launcher/.report.senderproc.HockeySenderService }: AutoStart Limit
02-14 22:53:17.632 W/ActivityManager( 1116): Unable to launch app com.instagram.lite/10377 for service Intent { cmp=com.instagram.lite/com.facebook.lite.intent.PeriodicTaskJobService }: AutoStart Limit
02-14 22:53:17.689 W/ActivityManager( 1116): Unable to launch app musicplayer.musicapps.music.mp3player/10259 for service Intent { cmp=musicplayer.musicapps.music.mp3player/com.google.android.datatransport.runtime.scheduling.jobscheduling.JobInfoSchedulerService }: AutoStart Limit
02-14 22:53:17.691 W/ActivityManager( 1116): Unable to launch app com.microsoft.launcher/10206 for service Intent { cmp=com.microsoft.launcher/.report.senderproc.HockeySenderService }: AutoStart Limit
02-14 22:53:17.716 I/ActivityManager( 1116): Start proc 12317:com.google.android.apps.messaging/u0a125 for service {com.google.android.apps.messaging/androidx.work.impl.background.systemjob.SystemJobService}
02-14 22:53:17.787 W/ActivityManager( 1116): Unable to launch app com.instagram.lite/10377 for service Intent { cmp=com.instagram.lite/com.facebook.lite.intent.PeriodicTaskJobService }: AutoStart Limit
02-14 22:53:17.921 W/ActivityManager( 1116): Unable to launch app musicplayer.musicapps.music.mp3player/10259 for service Intent { cmp=musicplayer.musicapps.music.mp3player/com.google.android.datatransport.runtime.scheduling.jobscheduling.JobInfoSchedulerService }: AutoStart Limit
02-14 22:53:17.923 W/ActivityManager( 1116): Unable to launch app com.microsoft.launcher/10206 for service Intent { cmp=com.microsoft.launcher/.report.senderproc.HockeySenderService }: AutoStart Limit
02-14 22:53:17.925 W/ActivityManager( 1116): Unable to launch app com.instagram.lite/10377 for service Intent { cmp=com.instagram.lite/com.facebook.lite.intent.PeriodicTaskJobService }: AutoStart Limit
02-14 22:53:18.359 W/ActivityManager( 1116): Unable to launch app musicplayer.musicapps.music.mp3player/10259 for service Intent { cmp=musicplayer.musicapps.music.mp3player/com.google.android.datatransport.runtime.scheduling.jobscheduling.JobInfoSchedulerService }: AutoStart Limit
02-14 22:53:18.361 W/ActivityManager( 1116): Unable to launch app com.microsoft.launcher/10206 for service Intent { cmp=com.microsoft.launcher/.report.senderproc.HockeySenderService }: AutoStart Limit
02-14 22:53:18.363 W/ActivityManager( 1116): Unable to launch app com.instagram.lite/10377 for service Intent { cmp=com.instagram.lite/com.facebook.lite.intent.PeriodicTaskJobService }: AutoStart Limit
02-14 22:53:19.159 W/ActivityManager( 1116): Unable to launch app musicplayer.musicapps.music.mp3player/10259 for service Intent { cmp=musicplayer.musicapps.music.mp3player/com.google.android.datatransport.runtime.scheduling.jobscheduling.JobInfoSchedulerService }: AutoStart Limit
02-14 22:53:19.161 W/ActivityManager( 1116): Unable to launch app com.microsoft.launcher/10206 for service Intent { cmp=com.microsoft.launcher/.report.senderproc.HockeySenderService }: AutoStart Limit
02-14 22:53:19.163 W/ActivityManager( 1116): Unable to launch app com.instagram.lite/10377 for service Intent { cmp=com.instagram.lite/com.facebook.lite.intent.PeriodicTaskJobService }: AutoStart Limit
02-14 22:53:19.212 W/ActivityManager( 1116): Unable to launch app musicplayer.musicapps.music.mp3player/10259 for service Intent { cmp=musicplayer.musicapps.music.mp3player/com.google.android.datatransport.runtime.scheduling.jobscheduling.JobInfoSchedulerService }: AutoStart Limit
02-14 22:53:19.214 W/ActivityManager( 1116): Unable to launch app com.microsoft.launcher/10206 for service Intent { cmp=com.microsoft.launcher/.report.senderproc.HockeySenderService }: AutoStart Limit
02-14 22:53:19.216 W/ActivityManager( 1116): Unable to launch app com.instagram.lite/10377 for service Intent { cmp=com.instagram.lite/com.facebook.lite.intent.PeriodicTaskJobService }: AutoStart Limit
02-14 22:53:19.376 W/ActivityManager( 1116): Unable to launch app musicplayer.musicapps.music.mp3player/10259 for service Intent { cmp=musicplayer.musicapps.music.mp3player/com.google.android.datatransport.runtime.scheduling.jobscheduling.JobInfoSchedulerService }: AutoStart Limit
02-14 22:53:19.377 W/ActivityManager( 1116): Unable to launch app com.microsoft.launcher/10206 for service Intent { cmp=com.microsoft.launcher/.report.senderproc.HockeySenderService }: AutoStart Limit
02-14 22:53:19.379 W/ActivityManager( 1116): Unable to launch app com.instagram.lite/10377 for service Intent { cmp=com.instagram.lite/com.facebook.lite.intent.PeriodicTaskJobService }: AutoStart Limit
02-14 22:53:19.519 W/ActivityManager( 1116): Unable to launch app musicplayer.musicapps.music.mp3player/10259 for service Intent { cmp=musicplayer.musicapps.music.mp3player/com.google.android.datatransport.runtime.scheduling.jobscheduling.JobInfoSchedulerService }: AutoStart Limit
02-14 22:53:19.607 W/Griffin/ComponentManager( 1116): limitStartProcessForReceiver caller is null
02-14 22:53:19.615 I/FontLog ( 2360): (REDACTED) Received query %s, URI %s
02-14 22:53:19.619 I/FontLog ( 2360): (REDACTED) Query [%s] resolved to %s
02-14 22:53:19.622 I/FontLog ( 2360): (REDACTED) Fetch %s end status %s
02-14 22:53:19.633 I/SyncAdapter( 2423): Executing sync via SyncAdapter. [CONTEXT service_id=80 ]
02-14 22:53:19.636 I/SyncManager( 2423): (REDACTED) Executing sync(type=%s%s)
02-14 22:53:19.638 I/FontLog ( 2360): (REDACTED) Pulling font file for id = %d, cache size = %d
02-14 22:53:19.661 I/ogle.android.g(12279): Waiting for a blocking GC ClassLinker
02-14 22:53:19.663 I/FontLog ( 2360): (REDACTED) Pulling font file for id = %d, cache size = %d
02-14 22:53:19.672 W/ActivityManager( 1116): Slow operation: 64ms so far, now at startProcess: done updating battery stats
02-14 22:53:19.673 W/ActivityManager( 1116): Slow operation: 65ms so far, now at startProcess: building log message
02-14 22:53:19.673 I/ActivityManager( 1116): Start proc 12447:com.instagram.lite/u0a377 for broadcast {com.instagram.lite/com.facebook.lite.intent.WakefulIntentForwarder}
02-14 22:53:19.673 W/ActivityManager( 1116): Slow operation: 65ms so far, now at startProcess: starting to update pids map
02-14 22:53:19.673 I/FZ2.UID ( 1116): UidManager.insert new uid insert uid: 10377
02-14 22:53:19.674 W/ActivityManager( 1116): Slow operation: 66ms so far, now at startProcess: done updating pids map
02-14 22:53:19.691 E/.instagram.lit(12447): Not starting debugger since process cannot load the jdwp agent.
02-14 22:53:19.692 W/DynamiteModule(12279): Local module descriptor class for com.google.android.gms.providerinstaller.dynamite not found.
02-14 22:53:19.694 W/ProviderHelper( 2360): Unknown dynamite feature providerinstaller.dynamite
02-14 22:53:19.695 W/ActivityManager( 1116): Unable to launch app musicplayer.musicapps.music.mp3player/10259 for service Intent { cmp=musicplayer.musicapps.music.mp3player/com.google.android.datatransport.runtime.scheduling.jobscheduling.JobInfoSchedulerService }: AutoStart Limit
02-14 22:53:19.695 W/Looper  ( 1116): Slow dispatch took 155ms main h=com.android.server.job.JobSchedulerService$JobHandler c=null m=1
02-14 22:53:19.705 I/FontLog ( 2360): (REDACTED) Pulling font file for id = %d, cache size = %d
02-14 22:53:19.717 W/ProviderInstaller(12279): Failed to load providerinstaller module: No acceptable module com.google.android.gms.providerinstaller.dynamite found. Local version is 0 and remote version is 0.
02-14 22:53:19.727 I/CarrierServices(12317): Initializing Carrier Services Logging. [CONTEXT thread_id=897 ]
02-14 22:53:19.753 I/Bugle   (12317): DatabaseHelperBasic: sqlite version is 3.28.0
02-14 22:53:19.814 I/Bugle   (12317): DatabaseHelperBasic.doInitializationTraced() returned SQLiteDatabase: /data/user/0/com.google.android.apps.messaging/databases/bugle_backup_db
02-14 22:53:19.816 W/ActivityManager( 1116): Slow operation: 105ms so far, now at attachApplicationLocked: immediately after bindApplication
02-14 22:53:19.817 W/ActivityManager( 1116): Slow operation: 106ms so far, now at attachApplicationLocked: after updateLruProcessLocked
02-14 22:53:19.817 I/Bugle   (12317): DatabaseHelperBasic.doInitializationTraced returned SQLiteDatabase: /data/user/0/com.google.android.apps.messaging/databases/bugle_backup_db
02-14 22:53:19.818 W/ActivityManager( 1116): Slow operation: 107ms so far, now at attachApplicationLocked: after mServices.attachApplicationLocked
02-14 22:53:19.821 W/ActivityManager( 1116): Slow operation: 110ms so far, now at attachApplicationLocked: after sendPendingBroadcastsLocked
02-14 22:53:19.849 I/ogle.android.g(12279): The ClassLoaderContext is a special shared library.
02-14 22:53:19.852 W/ActivityManager( 1116): Unable to launch app com.microsoft.launcher/10206 for service Intent { cmp=com.microsoft.launcher/.report.senderproc.HockeySenderService }: AutoStart Limit
02-14 22:53:19.853 W/Looper  ( 1116): Slow dispatch took 157ms main h=com.android.server.job.JobSchedulerService$JobHandler c=null m=7
02-14 22:53:19.854 I/system_server( 1116): Background young concurrent copying GC freed 426284(19MB) AllocSpace objects, 24(1564KB) LOS objects, 32% free, 42MB/62MB, paused 493us total 314.993ms
02-14 22:53:19.859 W/Parcel  ( 1116): release_object BINDER_TYPE_HANDLE strongCount==2
02-14 22:53:19.863 W/Looper  ( 1116): Slow delivery took 236ms main h=com.android.server.job.JobSchedulerService$JobHandler c=null m=4
02-14 22:53:19.870 I/.instagram.lit(12447): The ClassLoaderContext is a special shared library.
02-14 22:53:19.871 I/FontLog ( 2360): (REDACTED) Pulling font file for id = %d, cache size = %d
02-14 22:53:19.904 E/bcxd    (12279): Sync subscriptions not available
02-14 22:53:19.914 I/SyncManager( 2423): (REDACTED) Executing sync(type=%s) finished in %s
02-14 22:53:19.943 W/Looper  ( 1116): Drained
02-14 22:53:19.973 W/ActivityManager( 1116): Unable to launch app musicplayer.musicapps.music.mp3player/10259 for service Intent { cmp=musicplayer.musicapps.music.mp3player/com.google.android.datatransport.runtime.scheduling.jobscheduling.JobInfoSchedulerService }: AutoStart Limit
02-14 22:53:19.992 I/LogSaver(12317): LogSaver new instance with filename: carrier_services
02-14 22:53:20.014 I/ogle.android.g(12279): Waiting for a blocking GC ClassLinker
02-14 22:53:20.089 I/ogle.android.g(12279): WaitForGcToComplete blocked ClassLinker on ClassLinker for 427.484ms
02-14 22:53:20.091 I/ogle.android.g(12279): Waiting for a blocking GC ClassLinker
02-14 22:53:20.101 I/chatty  ( 1116): uid=1000 system_server identical 2 lines
02-14 22:53:20.105 I/ogle.android.g(12279): WaitForGcToComplete blocked ClassLinker on ClassLinker for 91.882ms
02-14 22:53:20.160 W/ActivityManager( 1116): Unable to launch app musicplayer.musicapps.music.mp3player/10259 for service Intent { cmp=musicplayer.musicapps.music.mp3player/com.google.android.datatransport.runtime.scheduling.jobscheduling.JobInfoSchedulerService }: AutoStart Limit
02-14 22:53:20.165 W/.instagram.lit(12447): JIT profile information will not be recorded: profile file does not exist.
02-14 22:53:20.172 I/chatty  (12447): uid=10377(com.instagram.lite) identical 12 lines
02-14 22:53:20.172 W/.instagram.lit(12447): JIT profile information will not be recorded: profile file does not exist.
02-14 22:53:20.191 W/com.whatsapp( 9512): type=1400 audit(0.0:399): avc: granted { execute } for comm=576861747341707020576F726B6572 path="/data/data/com.whatsapp/files/decompressed/libs.spo/libdav1d.so" dev="dm-10" ino=342980 scontext=u:r:untrusted_app:s0:c236,c256,c512,c768 tcontext=u:object_r:app_data_file:s0:c236,c256,c512,c768 tclass=file app=com.whatsapp
02-14 22:53:20.223 I/LoadedApk(12447): No resource references to update in package com.transsion.theme.icon
02-14 22:53:20.254 I/ActivityManager( 1116): Force stopping com.spazoodle.guardian appid=10431 user=0: clear data
02-14 22:53:20.256 I/FZ2.UID ( 1116): UidManager.delete uid: 10431  11983
02-14 22:53:20.256 I/ActivityManager( 1116): Killing 11983:com.spazoodle.guardian/u0a431 (adj 0): stop com.spazoodle.guardian due to clear data
02-14 22:53:20.261 I/libPowerHal(  489): [perfNotifyAppState] pack:com.spazoodle.guardian, pid:11983, STATE_DEAD
02-14 22:53:20.264 W/ActivityManager( 1116): Crash of app com.spazoodle.guardian running instrumentation ComponentInfo{com.spazoodle.guardian.test/androidx.test.runner.AndroidJUnitRunner}
02-14 22:53:20.268 W/com.whatsapp( 9512): type=1400 audit(0.0:400): avc: granted { execute } for comm=576861747341707020576F726B6572 path="/data/data/com.whatsapp/files/decompressed/libs.spo/libaom.so" dev="dm-10" ino=41510 scontext=u:r:untrusted_app:s0:c236,c256,c512,c768 tcontext=u:object_r:app_data_file:s0:c236,c256,c512,c768 tclass=file app=com.whatsapp
02-14 22:53:20.272 I/ActivityManager( 1116): Force stopping com.spazoodle.guardian appid=10431 user=0: finished inst
02-14 22:53:20.303 I/ForwardSyncCache(12317): reclaimMemory: Clearing caches
02-14 22:53:20.319 I/Finsky  ( 3085): [2] Memory trim requested to level 15
02-14 22:53:20.334 I/Zygote  (  469): Process 11983 exited due to signal 9 (Killed)
02-14 22:53:20.339 I/libprocessgroup( 1116): Successfully killed process cgroup uid 10431 pid 11983 in 81ms
02-14 22:53:20.341 W/com.whatsapp( 9512): type=1400 audit(0.0:401): avc: granted { execute } for comm=576861747341707020576F726B6572 path="/data/data/com.whatsapp/files/decompressed/libs.spo/libwzav1.so" dev="dm-10" ino=50392 scontext=u:r:untrusted_app:s0:c236,c256,c512,c768 tcontext=u:object_r:app_data_file:s0:c236,c256,c512,c768 tclass=file app=com.whatsapp
02-14 22:53:20.347 W/ActivityManager( 1116): Unable to launch app com.microsoft.launcher/10206 for service Intent { cmp=com.microsoft.launcher/.report.senderproc.HockeySenderService }: AutoStart Limit
02-14 22:53:20.350 W/EarlyExceptionHandler(12447): Early UncaughtException handler initialized
02-14 22:53:20.351 I/ActivityManager( 1116): Force stopping com.spazoodle.guardian appid=10431 user=-1: clearApplicationUserData
02-14 22:53:20.375 W/bbcy    (12279): Failed to find local clusters.
02-14 22:53:20.379 I/ActivityManager( 1116): Start proc 12486:net.bat.store/u0a152 for service {net.bat.store/androidx.work.impl.background.systemjob.SystemJobService}
02-14 22:53:20.380 I/FZ2.UID ( 1116): UidManager.insert new uid insert uid: 10152
02-14 22:53:20.398 W/EarlyErrorReporting(12447): Lacrima init done in EarlyErrorReporting for: com.instagram.lite
02-14 22:53:20.412 W/SoLoader(12447): Initializing SoLoader: 2
02-14 22:53:20.435 W/lacrima (12447): LacrimaConfigBuilder.setUserIdActorId not called, using 0
02-14 22:53:20.436 W/lacrima (12447): LacrimaConfigBuilder.setUserIdActingAccountId not called, using 0
02-14 22:53:20.436 W/lacrima (12447): LacrimaConfigBuilder.setIsEmployee not called, using false
02-14 22:53:20.442 W/SoLoader(12447): context.getApplicationContext returned null, holding reference to original context.ApplicationSoSource fallbacks to: /data/app/~~5LOziIm_e5xBiYaH3LhMaw==/com.instagram.lite-bgW23JgQn8uaEPZ0gfCf-A==/lib/arm
02-14 22:53:20.442 E/net.bat.store(12486): Not starting debugger since process cannot load the jdwp agent.
02-14 22:53:20.456 W/fbservices-stub:InitStatus( 7017): Not blocking Service (187556506)
02-14 22:53:20.474 E/libc    (12279): Access denied finding property "vendor.debug.drm.logv"
02-14 22:53:20.480 E/libc    (12279): Access denied finding property "vendor.debug.drm.logv"
02-14 22:53:20.482 E/libc    (12279): Access denied finding property "vendor.debug.drm.logd"
02-14 22:53:20.486 I/net.bat.store(12486): The ClassLoaderContext is a special shared library.
02-14 22:53:20.489 E/libc    (12279): Access denied finding property "vendor.debug.drm.logv"
02-14 22:53:20.499 W/SoLoader(12447): SoLoader initialized: 2
02-14 22:53:20.509 W/KeyguardStatusView( 1318): single clock is showing
02-14 22:53:20.509 I/BufferQueueProducer(  502): [StatusBar#0](this:0xa939a410,id:8,api:1,p:1318,c:502) queueBuffer: fps=0.51 dur=1956.02 max=1956.02 min=1956.02
02-14 22:53:20.514 W/com.whatsapp( 9512): type=1400 audit(0.0:402): avc: granted { execute } for comm=576861747341707020576F726B6572 path="/data/data/com.whatsapp/files/decompressed/libs.spo/libwzav1_v2.so" dev="dm-10" ino=342323 scontext=u:r:untrusted_app:s0:c236,c256,c512,c768 tcontext=u:object_r:app_data_file:s0:c236,c256,c512,c768 tclass=file app=com.whatsapp
02-14 22:53:20.520 I/hwcomposer(  481): [HWCDisplay] [Display_0 (type:1)] fps:0.513907,dur:1945.88,max:1945.88,min:1945.88  
02-14 22:53:20.521 I/Bugle   (12317): DatabaseHelperBasic: sqlite version is 3.28.0
02-14 22:53:20.526 W/FbSoLoader(12447): Will use precomputed native lib dependencies file, reading directly from the APK using AssetManager false
02-14 22:53:20.535 W/SoLoader(12447): Prepending SoSource lib-compressed: SuperpackSoSource[root = /data/data/com.instagram.lite/lib-compressed flags = 1 zipSource = /data/app/~~5LOziIm_e5xBiYaH3LhMaw==/com.instagram.lite-bgW23JgQn8uaEPZ0gfCf-A==/base.apk compressedPath = assets/lib/libs.spk.xz identity = ]
02-14 22:53:20.566 I/ogle.android.g(12279): Waiting for a blocking GC ClassLinker
02-14 22:53:20.587 I/GoogleTTSServiceImpl(10566): Cache enabled: true
02-14 22:53:20.589 I/GoogleTTSServiceImpl(10566): Flushing cache (low ram device)
02-14 22:53:20.618 W/Athena-Worker(12038): type=1400 audit(0.0:403): avc: denied { read } for name="rid" dev="proc" ino=4026532709 scontext=u:r:priv_app:s0:c512,c768 tcontext=u:object_r:proc_rid:s0 tclass=file permissive=0 app=com.transsnet.store
02-14 22:53:20.649 W/FbSoLoader(12447): Initialized FBSoLoader
02-14 22:53:20.652 W/SoLoader(12447): Loading verifier on the main thread
02-14 22:53:20.672 I/AppBase ( 2045): AppBase.onTrimMemory():287 onTrimMemory(): 15
02-14 22:53:20.703 I/ogle.android.g(12279): Waiting for a blocking GC ClassLinker
02-14 22:53:20.704 W/lacrima (12447): Sending pending reports
02-14 22:53:20.706 I/ogle.android.g(12279): Waiting for a blocking GC ClassLinker
02-14 22:53:20.736 I/KeyboardDefCache( 2045): MemoryFileCache$1.onTrimMemory():124 clearMemory() for trim memory: 15
02-14 22:53:20.739 I/KeyboardDefCache( 2045): MemoryFileCache.clearMemory():408 evictAll()
02-14 22:53:20.741 I/Bugle   (12317): DatabaseHelperBasic.doInitializationTraced() returned SQLiteDatabase: /data/user/0/com.google.android.apps.messaging/databases/bugle_db
02-14 22:53:20.741 I/GoogleInputMethodService( 2045): GoogleInputMethodService.onTrimMemory():2852 onTrimMemory(): 15
02-14 22:53:20.763 I/Bugle   (12317): DatabaseHelperBasic.doInitializationTraced returned SQLiteDatabase: /data/user/0/com.google.android.apps.messaging/databases/bugle_db
02-14 22:53:20.768 W/net.bat.store(12486): JIT profile information will not be recorded: profile file does not exist.
02-14 22:53:20.768 I/chatty  (12486): uid=10152(net.bat.store) identical 1 line
02-14 22:53:20.768 W/net.bat.store(12486): JIT profile information will not be recorded: profile file does not exist.
02-14 22:53:20.774 I/keystore(  617): clear_uid 10431
02-14 22:53:20.776 W/DexStoreUtils(12447): Ignoring dex metadata pragma: .superpack_files 1
02-14 22:53:20.778 W/EarlyErrorReporting(12447): Lacrima init executor done in EarlyErrorReporting for: com.instagram.lite
02-14 22:53:20.793 W/lacrima (12447): Start AnrAppDeathDetector... X.04N
02-14 22:53:20.795 W/lacrima (12447): Cannot find registered detector
02-14 22:53:20.822 I/LoadedApk(12486): No resource references to update in package com.transsion.theme.icon
02-14 22:53:20.830 I/NotificationService( 1116): pkgList.length=1
02-14 22:53:20.885 E/PhoneInterfaceManager( 1565): [PhoneIntfMgr] getCarrierPackageNamesForIntentAndPhone: No UICC
02-14 22:53:20.923 W/TelephonyPermissions( 1116): reportAccessDeniedToReadIdentifiers:com.transsnet.store:getSerial:-1
02-14 22:53:20.927 E/libc    (12038): Access denied finding property "ro.serialno"
02-14 22:53:20.974 W/.instagram.lit(12447): Opening an oat file without a class loader. Are you using the deprecated DexFile APIs?
02-14 22:53:21.007 E/WifiVendorHal( 1116): getWifiLinkLayerStats_1_3_Internal(l.983) failed {.code = ERROR_NOT_SUPPORTED, .description = }
02-14 22:53:21.046 W/.instagram.lit(12447): DexFile /data/app/~~5LOziIm_e5xBiYaH3LhMaw==/com.instagram.lite-bgW23JgQn8uaEPZ0gfCf-A==/base.apk is in boot class path but is not in a known location
02-14 22:53:21.061 E/libc    (12447): Access denied finding property "ro.vendor.pref_scale_resolution"
02-14 22:53:21.079 I/net.bat.store(12486): The ClassLoaderContext is a special shared library.
02-14 22:53:21.145 I/FirebaseApp(12486): Device unlocked: initializing all Firebase APIs for app [DEFAULT]
02-14 22:53:21.249 I/SmartPanel_SmartPanelPresenter( 2294): onShortcutChange shortcuts size =6
02-14 22:53:21.254 I/SmartPanel_SmartPanelPresenter( 2294): onShortcutChange shortcutInfo enable =true
02-14 22:53:21.263 I/FirebaseCrashlytics(12486): Initializing Firebase Crashlytics 18.6.2 for net.bat.store
02-14 22:53:21.270 I/SmartPanel_SmartPanelBeanHelper( 2294): oobe = KE, DefaultAppShortcutList = [com.whatsapp, com.facebook.katana, com.facebook.orca, com.instagram.android, com.transsion.camera/selfie, net.one97.paytm/scan_and_pay_shortcut, com.transsion.phoenix, com.zaz.translate, com.transsion.kolun.assistant, com.gbwhatsapp, com.afmobi.boomplayer, com.hatsune.eagleee]
02-14 22:53:21.270 I/SmartPanel_SmartPanelPresenter( 2294): onShortcutChange shortcutInfo enable =true
02-14 22:53:21.272 I/SmartPanel_SmartPanelBeanHelper( 2294): oobe = KE, DefaultAppShortcutList = [com.whatsapp, com.facebook.katana, com.facebook.orca, com.instagram.android, com.transsion.camera/selfie, net.one97.paytm/scan_and_pay_shortcut, com.transsion.phoenix, com.zaz.translate, com.transsion.kolun.assistant, com.gbwhatsapp, com.afmobi.boomplayer, com.hatsune.eagleee]
02-14 22:53:21.272 I/SmartPanel_SmartPanelPresenter( 2294): onShortcutChange shortcutInfo enable =true
02-14 22:53:21.273 I/SmartPanel_SmartPanelBeanHelper( 2294): oobe = KE, DefaultAppShortcutList = [com.whatsapp, com.facebook.katana, com.facebook.orca, com.instagram.android, com.transsion.camera/selfie, net.one97.paytm/scan_and_pay_shortcut, com.transsion.phoenix, com.zaz.translate, com.transsion.kolun.assistant, com.gbwhatsapp, com.afmobi.boomplayer, com.hatsune.eagleee]
02-14 22:53:21.274 I/SmartPanel_SmartPanelPresenter( 2294): onShortcutChange shortcutInfo enable =true
02-14 22:53:21.275 I/SmartPanel_SmartPanelBeanHelper( 2294): oobe = KE, DefaultAppShortcutList = [com.whatsapp, com.facebook.katana, com.facebook.orca, com.instagram.android, com.transsion.camera/selfie, net.one97.paytm/scan_and_pay_shortcut, com.transsion.phoenix, com.zaz.translate, com.transsion.kolun.assistant, com.gbwhatsapp, com.afmobi.boomplayer, com.hatsune.eagleee]
02-14 22:53:21.275 I/SmartPanel_SmartPanelPresenter( 2294): onShortcutChange shortcutInfo enable =true
02-14 22:53:21.279 I/SmartPanel_SmartPanelBeanHelper( 2294): oobe = KE, DefaultAppShortcutList = [com.whatsapp, com.facebook.katana, com.facebook.orca, com.instagram.android, com.transsion.camera/selfie, net.one97.paytm/scan_and_pay_shortcut, com.transsion.phoenix, com.zaz.translate, com.transsion.kolun.assistant, com.gbwhatsapp, com.afmobi.boomplayer, com.hatsune.eagleee]
02-14 22:53:21.280 I/SmartPanel_SmartPanelPresenter( 2294): onShortcutChange shortcutInfo enable =true
