--------- beginning of crash
02-14 22:49:49.668 E/AndroidRuntime( 2238): FATAL EXCEPTION: main
02-14 22:49:49.668 E/AndroidRuntime( 2238): Process: org.malwarebytes.antimalware, PID: 2238
02-14 22:50:12.273 E/AndroidRuntime( 3918): FATAL EXCEPTION: main
02-14 22:50:12.273 E/AndroidRuntime( 3918): Process: org.malwarebytes.antimalware, PID: 3918
--------- beginning of system
02-14 22:52:39.029 W/Looper  ( 1116): Slow delivery took 249ms main h=android.service.notification.NotificationListenerService$MyHandler c=null m=1
02-14 22:52:39.041 W/ActivityManager( 1116): Unable to launch app com.microsoft.launcher/10206 for service Intent { cmp=com.microsoft.launcher/.report.senderproc.HockeySenderService }: AutoStart Limit
02-14 22:52:39.042 W/Looper  ( 1116): Drained
02-14 22:52:39.327 W/ActivityManager( 1116): Unable to launch app musicplayer.musicapps.music.mp3player/10259 for service Intent { cmp=musicplayer.musicapps.music.mp3player/com.google.android.datatransport.runtime.scheduling.jobscheduling.JobInfoSchedulerService }: AutoStart Limit
02-14 22:52:39.329 W/ActivityManager( 1116): Unable to launch app com.microsoft.launcher/10206 for service Intent { cmp=com.microsoft.launcher/.report.senderproc.HockeySenderService }: AutoStart Limit
02-14 22:52:40.408 W/ActivityManager( 1116): Unable to launch app musicplayer.musicapps.music.mp3player/10259 for service Intent { cmp=musicplayer.musicapps.music.mp3player/com.google.android.datatransport.runtime.scheduling.jobscheduling.JobInfoSchedulerService }: AutoStart Limit
02-14 22:52:40.410 W/ActivityManager( 1116): Unable to launch app com.microsoft.launcher/10206 for service Intent { cmp=com.microsoft.launcher/.report.senderproc.HockeySenderService }: AutoStart Limit
02-14 22:52:40.440 W/ActivityManager( 1116): Unable to launch app musicplayer.musicapps.music.mp3player/10259 for service Intent { cmp=musicplayer.musicapps.music.mp3player/com.google.android.datatransport.runtime.scheduling.jobscheduling.JobInfoSchedulerService }: AutoStart Limit
02-14 22:52:40.442 W/ActivityManager( 1116): Unable to launch app com.microsoft.launcher/10206 for service Intent { cmp=com.microsoft.launcher/.report.senderproc.HockeySenderService }: AutoStart Limit
02-14 22:52:40.799 E/ActivityThread(10314): Failed to find provider info for com.transsion.aicore.main.provider.MmProvider
02-14 22:52:40.800 I/chatty  (10314): uid=10164(com.zaz.translate) DefaultDispatch identical 1 line
02-14 22:52:40.801 E/ActivityThread(10314): Failed to find provider info for com.transsion.aicore.main.provider.MmProvider
02-14 22:52:41.550 W/ActivityManager( 1116): Slow operation: 267ms so far, now at startProcess: returned from zygote!
02-14 22:52:41.556 W/ActivityManager( 1116): Slow operation: 273ms so far, now at startProcess: done updating battery stats
02-14 22:52:41.557 W/ActivityManager( 1116): Slow operation: 274ms so far, now at startProcess: building log message
02-14 22:52:41.557 I/ActivityManager( 1116): Start proc 10497:net.bat.store/u0a152 for broadcast {net.bat.store/net.bat.store.receiver.PlayedGameAppWidgetProvider$BootCompletedReceiver}
02-14 22:52:41.557 W/ActivityManager( 1116): Slow operation: 274ms so far, now at startProcess: starting to update pids map
02-14 22:52:41.563 W/ActivityManager( 1116): Slow operation: 280ms so far, now at startProcess: done updating pids map
02-14 22:52:41.572 W/ActivityManager( 1116): Unable to launch app musicplayer.musicapps.music.mp3player/10259 for service Intent { cmp=musicplayer.musicapps.music.mp3player/com.google.android.datatransport.runtime.scheduling.jobscheduling.JobInfoSchedulerService }: AutoStart Limit
02-14 22:52:41.573 W/Looper  ( 1116): Slow dispatch took 195ms main h=com.android.server.job.JobSchedulerService$JobHandler c=null m=3
02-14 22:52:41.839 W/ActivityManager( 1116): Unable to launch app com.microsoft.launcher/10206 for service Intent { cmp=com.microsoft.launcher/.report.senderproc.HockeySenderService }: AutoStart Limit
02-14 22:52:42.055 W/Looper  ( 1116): Slow dispatch took 147ms main h=com.android.server.power.Notifier$NotifierHandler c=null m=1
02-14 22:52:42.325 W/ActivityManager( 1116): Slow operation: 266ms so far, now at attachApplicationLocked: after sendPendingBroadcastsLocked
02-14 22:52:42.328 W/Looper  ( 1116): Slow dispatch took 244ms android.ui h=com.android.server.am.ActivityManagerService$UiHandler c=null m=53
02-14 22:52:42.634 W/ActivityManager( 1116): Unable to launch app musicplayer.musicapps.music.mp3player/10259 for service Intent { cmp=musicplayer.musicapps.music.mp3player/com.google.android.datatransport.runtime.scheduling.jobscheduling.JobInfoSchedulerService }: AutoStart Limit
02-14 22:52:42.770 W/ActivityManager( 1116): Unable to launch app com.microsoft.launcher/10206 for service Intent { cmp=com.microsoft.launcher/.report.senderproc.HockeySenderService }: AutoStart Limit
02-14 22:52:42.794 I/ActivityManager( 1116): Process com.spotify.music (pid 2444) has died: cch+55 CEM 
02-14 22:52:43.274 I/ActivityManager( 1116): Process android.process.acore (pid 7957) has died: cch+65 CEM 
02-14 22:52:43.302 W/ActivityManager( 1116): Unable to launch app musicplayer.musicapps.music.mp3player/10259 for service Intent { cmp=musicplayer.musicapps.music.mp3player/com.google.android.datatransport.runtime.scheduling.jobscheduling.JobInfoSchedulerService }: AutoStart Limit
02-14 22:52:43.302 W/Looper  ( 1116): Slow dispatch took 121ms main h=com.android.server.job.JobSchedulerService$JobHandler c=null m=3
02-14 22:52:43.304 W/ActivityManager( 1116): Unable to launch app com.microsoft.launcher/10206 for service Intent { cmp=com.microsoft.launcher/.report.senderproc.HockeySenderService }: AutoStart Limit
02-14 22:52:44.009 I/ActivityManager( 1116): Process com.transsion.repaircard (pid 9892) has died: cch+55 CEM 
02-14 22:52:44.083 W/ActivityManager( 1116): Unable to launch app musicplayer.musicapps.music.mp3player/10259 for service Intent { cmp=musicplayer.musicapps.music.mp3player/com.google.android.datatransport.runtime.scheduling.jobscheduling.JobInfoSchedulerService }: AutoStart Limit
02-14 22:52:44.131 I/ActivityManager( 1116): Start proc 10566:com.google.android.tts/u0a127 for service {com.google.android.tts/com.google.android.apps.speech.tts.googletts.service.GoogleTtsService}
02-14 22:52:44.220 W/ActivityManager( 1116): Unable to launch app com.microsoft.launcher/10206 for service Intent { cmp=com.microsoft.launcher/.report.senderproc.HockeySenderService }: AutoStart Limit
02-14 22:52:44.221 W/Looper  ( 1116): Slow dispatch took 108ms main h=com.android.server.job.JobSchedulerService$JobHandler c=null m=7
02-14 22:52:44.282 W/ActivityManager( 1116): Unable to start service Intent { act=com.google.android.gms.presencemanager.service.START pkg=com.google.android.gms } U=0: not found
02-14 22:52:44.283 W/ActivityManager( 1116): Unbind failed: could not find connection for android.os.BinderProxy@f0b8e44
02-14 22:52:44.331 W/Looper  ( 1116): Slow dispatch took 107ms main h=com.android.server.job.JobSchedulerService$JobHandler c=null m=1
02-14 22:52:44.351 W/ActivityManager( 1116): Unable to start service Intent { act=com.google.android.gms.presencemanager.service.INTERNAL_IDENTITY pkg=com.google.android.gms } U=0: not found
02-14 22:52:44.355 W/ActivityManager( 1116): Unbind failed: could not find connection for android.os.BinderProxy@b3c61dc
02-14 22:52:44.657 W/Looper  ( 1116): Slow dispatch took 262ms main h=com.android.server.job.JobSchedulerService$JobHandler c=null m=1
02-14 22:52:44.658 W/Looper  ( 1116): Slow delivery took 358ms main h=com.android.server.notification.NotificationManagerService$WorkerHandler c=com.android.server.notification.NotificationManagerService$CancelNotificationRunnable@b502299 m=0
02-14 22:52:44.666 I/ActivityManager( 1116): Start proc 10607:com.google.android.gms.unstable/u0a113 for service {com.google.android.gms/com.google.android.gms.chimera.UnstableInternalBoundBrokerService}
02-14 22:52:44.741 W/Looper  ( 1116): Drained
02-14 22:52:44.909 W/ActivityManager( 1116): Unable to launch app musicplayer.musicapps.music.mp3player/10259 for service Intent { cmp=musicplayer.musicapps.music.mp3player/com.google.android.datatransport.runtime.scheduling.jobscheduling.JobInfoSchedulerService }: AutoStart Limit
02-14 22:52:44.967 W/ActivityManager( 1116): Unable to launch app musicplayer.musicapps.music.mp3player/10259 for service Intent { cmp=musicplayer.musicapps.music.mp3player/com.google.android.datatransport.runtime.scheduling.jobscheduling.JobInfoSchedulerService }: AutoStart Limit
02-14 22:52:44.969 W/ActivityManager( 1116): Unable to launch app com.microsoft.launcher/10206 for service Intent { cmp=com.microsoft.launcher/.report.senderproc.HockeySenderService }: AutoStart Limit
02-14 22:52:45.465 W/ActivityManager( 1116): Unable to launch app musicplayer.musicapps.music.mp3player/10259 for service Intent { cmp=musicplayer.musicapps.music.mp3player/com.google.android.datatransport.runtime.scheduling.jobscheduling.JobInfoSchedulerService }: AutoStart Limit
02-14 22:52:45.467 W/ActivityManager( 1116): Unable to launch app com.microsoft.launcher/10206 for service Intent { cmp=com.microsoft.launcher/.report.senderproc.HockeySenderService }: AutoStart Limit
02-14 22:52:45.601 W/ActivityManager( 1116): Unable to launch app musicplayer.musicapps.music.mp3player/10259 for service Intent { cmp=musicplayer.musicapps.music.mp3player/com.google.android.datatransport.runtime.scheduling.jobscheduling.JobInfoSchedulerService }: AutoStart Limit
02-14 22:52:45.602 W/ActivityManager( 1116): Unable to launch app com.microsoft.launcher/10206 for service Intent { cmp=com.microsoft.launcher/.report.senderproc.HockeySenderService }: AutoStart Limit
02-14 22:52:45.805 W/ActivityManager( 1116): Unable to launch app musicplayer.musicapps.music.mp3player/10259 for service Intent { cmp=musicplayer.musicapps.music.mp3player/com.google.android.datatransport.runtime.scheduling.jobscheduling.JobInfoSchedulerService }: AutoStart Limit
02-14 22:52:46.026 W/ActivityManager( 1116): Unable to launch app musicplayer.musicapps.music.mp3player/10259 for service Intent { cmp=musicplayer.musicapps.music.mp3player/com.google.android.datatransport.runtime.scheduling.jobscheduling.JobInfoSchedulerService }: AutoStart Limit
02-14 22:52:46.328 W/ActivityManager( 1116): Unable to launch app com.microsoft.launcher/10206 for service Intent { cmp=com.microsoft.launcher/.report.senderproc.HockeySenderService }: AutoStart Limit
02-14 22:52:46.532 W/Looper  ( 1116): Slow dispatch took 201ms main h=com.android.server.job.JobSchedulerService$JobHandler c=null m=1
02-14 22:52:46.532 W/Looper  ( 1116): Slow delivery took 203ms main h=android.app.ActivityThread$H c=android.app.LoadedApk$ServiceDispatcher$RunConnection@a516f5a m=0
02-14 22:52:46.562 W/NotificationHistory( 1116): Attempted to add notif for locked/gone/disabled user 0
02-14 22:52:46.674 W/ActivityManager( 1116): Unable to launch app musicplayer.musicapps.music.mp3player/10259 for service Intent { cmp=musicplayer.musicapps.music.mp3player/com.google.android.datatransport.runtime.scheduling.jobscheduling.JobInfoSchedulerService }: AutoStart Limit
02-14 22:52:46.674 W/Looper  ( 1116): Drained
02-14 22:52:46.675 W/Looper  ( 1116): Slow dispatch took 110ms main h=com.android.server.job.JobSchedulerService$JobHandler c=null m=3
02-14 22:52:46.811 W/ActivityManager( 1116): Unable to launch app musicplayer.musicapps.music.mp3player/10259 for service Intent { cmp=musicplayer.musicapps.music.mp3player/com.google.android.datatransport.runtime.scheduling.jobscheduling.JobInfoSchedulerService }: AutoStart Limit
02-14 22:52:46.814 W/ActivityManager( 1116): Unable to launch app com.microsoft.launcher/10206 for service Intent { cmp=com.microsoft.launcher/.report.senderproc.HockeySenderService }: AutoStart Limit
02-14 22:52:46.885 W/ActivityManager( 1116): Unable to launch app musicplayer.musicapps.music.mp3player/10259 for service Intent { cmp=musicplayer.musicapps.music.mp3player/com.google.android.datatransport.runtime.scheduling.jobscheduling.JobInfoSchedulerService }: AutoStart Limit
02-14 22:52:46.888 W/ActivityManager( 1116): Unable to launch app com.microsoft.launcher/10206 for service Intent { cmp=com.microsoft.launcher/.report.senderproc.HockeySenderService }: AutoStart Limit
02-14 22:52:47.020 W/ActivityManager( 1116): Unable to launch app musicplayer.musicapps.music.mp3player/10259 for service Intent { cmp=musicplayer.musicapps.music.mp3player/com.google.android.datatransport.runtime.scheduling.jobscheduling.JobInfoSchedulerService }: AutoStart Limit
02-14 22:52:47.023 W/ActivityManager( 1116): Unable to launch app com.microsoft.launcher/10206 for service Intent { cmp=com.microsoft.launcher/.report.senderproc.HockeySenderService }: AutoStart Limit
02-14 22:52:47.228 W/ActivityManager( 1116): Unable to launch app musicplayer.musicapps.music.mp3player/10259 for service Intent { cmp=musicplayer.musicapps.music.mp3player/com.google.android.datatransport.runtime.scheduling.jobscheduling.JobInfoSchedulerService }: AutoStart Limit
02-14 22:52:47.301 W/ActivityManager( 1116): Unable to launch app musicplayer.musicapps.music.mp3player/10259 for service Intent { cmp=musicplayer.musicapps.music.mp3player/com.google.android.datatransport.runtime.scheduling.jobscheduling.JobInfoSchedulerService }: AutoStart Limit
02-14 22:52:47.304 W/ActivityManager( 1116): Unable to launch app com.microsoft.launcher/10206 for service Intent { cmp=com.microsoft.launcher/.report.senderproc.HockeySenderService }: AutoStart Limit
02-14 22:52:47.374 W/ActivityManager( 1116): Unable to launch app musicplayer.musicapps.music.mp3player/10259 for service Intent { cmp=musicplayer.musicapps.music.mp3player/com.google.android.datatransport.runtime.scheduling.jobscheduling.JobInfoSchedulerService }: AutoStart Limit
02-14 22:52:47.376 W/ActivityManager( 1116): Unable to launch app com.microsoft.launcher/10206 for service Intent { cmp=com.microsoft.launcher/.report.senderproc.HockeySenderService }: AutoStart Limit
02-14 22:52:47.499 W/ActivityManager( 1116): Unable to launch app musicplayer.musicapps.music.mp3player/10259 for service Intent { cmp=musicplayer.musicapps.music.mp3player/com.google.android.datatransport.runtime.scheduling.jobscheduling.JobInfoSchedulerService }: AutoStart Limit
02-14 22:52:47.502 W/ActivityManager( 1116): Unable to launch app com.microsoft.launcher/10206 for service Intent { cmp=com.microsoft.launcher/.report.senderproc.HockeySenderService }: AutoStart Limit
02-14 22:52:47.632 W/ActivityManager( 1116): Unable to launch app musicplayer.musicapps.music.mp3player/10259 for service Intent { cmp=musicplayer.musicapps.music.mp3player/com.google.android.datatransport.runtime.scheduling.jobscheduling.JobInfoSchedulerService }: AutoStart Limit
02-14 22:52:47.635 W/ActivityManager( 1116): Unable to launch app com.microsoft.launcher/10206 for service Intent { cmp=com.microsoft.launcher/.report.senderproc.HockeySenderService }: AutoStart Limit
02-14 22:52:47.890 W/ActivityManager( 1116): Unable to launch app musicplayer.musicapps.music.mp3player/10259 for service Intent { cmp=musicplayer.musicapps.music.mp3player/com.google.android.datatransport.runtime.scheduling.jobscheduling.JobInfoSchedulerService }: AutoStart Limit
02-14 22:52:47.892 W/ActivityManager( 1116): Unable to launch app com.microsoft.launcher/10206 for service Intent { cmp=com.microsoft.launcher/.report.senderproc.HockeySenderService }: AutoStart Limit
02-14 22:52:48.072 W/ActivityManager( 1116): Unable to launch app musicplayer.musicapps.music.mp3player/10259 for service Intent { cmp=musicplayer.musicapps.music.mp3player/com.google.android.datatransport.runtime.scheduling.jobscheduling.JobInfoSchedulerService }: AutoStart Limit
02-14 22:52:48.074 W/ActivityManager( 1116): Unable to launch app com.microsoft.launcher/10206 for service Intent { cmp=com.microsoft.launcher/.report.senderproc.HockeySenderService }: AutoStart Limit
02-14 22:52:48.076 W/ActivityManager( 1116): Unable to launch app com.instagram.lite/10377 for service Intent { cmp=com.instagram.lite/com.facebook.lite.intent.PeriodicTaskJobService }: AutoStart Limit
02-14 22:52:48.077 W/Looper  ( 1116): Slow dispatch took 140ms main h=com.android.server.job.JobSchedulerService$JobHandler c=null m=3
02-14 22:52:48.153 I/ActivityManager( 1116): Process com.transsion.wallet.infinix:lite (pid 9987) has died: cch+55 CEM 
02-14 22:52:48.298 W/ActivityManager( 1116): Slow operation: 51ms so far, now at startProcess: returned from zygote!
02-14 22:52:48.298 W/ActivityManager( 1116): Slow operation: 51ms so far, now at startProcess: done updating battery stats
02-14 22:52:48.300 W/ActivityManager( 1116): Slow operation: 53ms so far, now at startProcess: building log message
02-14 22:52:48.300 I/ActivityManager( 1116): Start proc 10782:com.google.android.apps.maps/u0a136 for service {com.google.android.apps.maps/androidx.work.impl.background.systemjob.SystemJobService}
02-14 22:52:48.300 W/ActivityManager( 1116): Slow operation: 53ms so far, now at startProcess: starting to update pids map
02-14 22:52:48.302 W/ActivityManager( 1116): Slow operation: 55ms so far, now at startProcess: done updating pids map
02-14 22:52:48.463 W/ActivityManager( 1116): Slow operation: 64ms so far, now at attachApplicationLocked: after mServices.attachApplicationLocked
02-14 22:52:48.846 W/Looper  ( 1116): Slow dispatch took 208ms main h=com.android.server.job.JobSchedulerService$JobHandler c=null m=1
02-14 22:52:48.854 W/ActivityManager( 1116): Unable to launch app musicplayer.musicapps.music.mp3player/10259 for service Intent { cmp=musicplayer.musicapps.music.mp3player/com.google.android.datatransport.runtime.scheduling.jobscheduling.JobInfoSchedulerService }: AutoStart Limit
02-14 22:52:48.913 W/ActivityManager( 1116): Unable to launch app musicplayer.musicapps.music.mp3player/10259 for service Intent { cmp=musicplayer.musicapps.music.mp3player/com.google.android.datatransport.runtime.scheduling.jobscheduling.JobInfoSchedulerService }: AutoStart Limit
02-14 22:52:49.589 W/Looper  ( 1116): Slow dispatch took 151ms main h=android.database.sqlite.SQLiteConnectionPool$IdleConnectionHandler c=null m=7
02-14 22:52:49.591 W/Looper  ( 1116): Slow dispatch took 206ms android.fg h=com.android.server.location.gnss.GnssLocationProvider$ProviderHandler c=com.android.server.location.RemoteListenerHelper$HandlerRunnable@5be2b67 m=0
02-14 22:52:49.592 W/Looper  ( 1116): Slow delivery took 217ms android.fg h=com.android.server.location.gnss.GnssLocationProvider$ProviderHandler c=com.android.server.location.RemoteListenerHelper$HandlerRunnable@bdc0d14 m=0
02-14 22:52:49.596 W/Looper  ( 1116): Drained
02-14 22:52:49.727 W/ActivityManager( 1116): Unable to launch app musicplayer.musicapps.music.mp3player/10259 for service Intent { cmp=musicplayer.musicapps.music.mp3player/com.google.android.datatransport.runtime.scheduling.jobscheduling.JobInfoSchedulerService }: AutoStart Limit
02-14 22:52:49.730 W/ActivityManager( 1116): Unable to launch app com.microsoft.launcher/10206 for service Intent { cmp=com.microsoft.launcher/.report.senderproc.HockeySenderService }: AutoStart Limit
02-14 22:52:49.733 W/ActivityManager( 1116): Unable to launch app com.instagram.lite/10377 for service Intent { cmp=com.instagram.lite/com.facebook.lite.intent.PeriodicTaskJobService }: AutoStart Limit
02-14 22:52:49.860 I/ActivityManager( 1116): Process com.transsnet.store (pid 10055) has died: cch+25 CEM 
02-14 22:52:49.989 I/ActivityManager( 1116): Start proc 10860:com.truecaller/u0a304 for broadcast {com.truecaller/com.truecaller.service.BootReceiver}
02-14 22:52:50.585 W/ActivityManager( 1116): Unable to start service Intent { cmp=com.google.android.projection.gearhead/com.google.android.apps.auto.carservice.service.impl.GearheadCarStartupService } U=0: not found
02-14 22:52:50.694 W/ActivityManager( 1116): Unbind failed: could not find connection for android.os.BinderProxy@9493507
02-14 22:52:51.191 W/Looper  ( 1116): Slow dispatch took 103ms main h=com.android.server.job.JobSchedulerService$JobHandler c=null m=1
02-14 22:52:51.237 I/ActivityManager( 1116): Process com.google.android.apps.youtube.music (pid 10174) has died: cch+25 CEM 
02-14 22:52:51.351 W/Looper  ( 1116): Slow dispatch took 123ms main h=com.android.server.job.JobSchedulerService$JobHandler c=null m=1
02-14 22:52:51.741 W/Looper  ( 1116): Slow dispatch took 107ms main h=com.android.server.job.JobSchedulerService$JobHandler c=null m=1
02-14 22:52:51.894 W/Looper  ( 1116): Slow dispatch took 121ms main h=com.android.server.job.JobSchedulerService$JobHandler c=null m=1
02-14 22:52:52.118 W/ActivityManager( 1116): Unable to launch app musicplayer.musicapps.music.mp3player/10259 for service Intent { cmp=musicplayer.musicapps.music.mp3player/com.google.android.datatransport.runtime.scheduling.jobscheduling.JobInfoSchedulerService }: AutoStart Limit
02-14 22:52:52.273 W/ActivityManager( 1116): Unable to launch app musicplayer.musicapps.music.mp3player/10259 for service Intent { cmp=musicplayer.musicapps.music.mp3player/com.google.android.datatransport.runtime.scheduling.jobscheduling.JobInfoSchedulerService }: AutoStart Limit
02-14 22:52:52.274 W/Looper  ( 1116): Slow dispatch took 155ms main h=com.android.server.job.JobSchedulerService$JobHandler c=null m=3
02-14 22:52:52.276 W/ActivityManager( 1116): Unable to launch app com.microsoft.launcher/10206 for service Intent { cmp=com.microsoft.launcher/.report.senderproc.HockeySenderService }: AutoStart Limit
02-14 22:52:52.362 W/ActivityManager( 1116): Unable to launch app com.instagram.lite/10377 for service Intent { cmp=com.instagram.lite/com.facebook.lite.intent.PeriodicTaskJobService }: AutoStart Limit
02-14 22:52:53.358 I/ActivityManager( 1116): Process com.google.android.apps.docs (pid 9532) has died: cch+35 CEM 
02-14 22:52:53.444 W/ActivityManager( 1116): Unable to start service Intent { act=com.google.android.gms.semanticlocationhistory.service.START pkg=com.google.android.gms } U=0: not found
02-14 22:52:53.449 W/ActivityManager( 1116): Unbind failed: could not find connection for android.os.BinderProxy@8660902
02-14 22:52:54.038 W/WindowManager( 1116): Changing focus fromWindow{65880b u0 org.telegram.messenger/org.telegram.messenger.DefaultIcon} to Window{8d181c9 u0 org.telegram.messenger/org.telegram.messenger.DefaultIcon} displayId=0 Callers=com.android.server.wm.RootWindowContainer.updateFocusedWindowLocked:531 com.android.server.wm.WindowManagerService.updateFocusedWindowLocked:5928 com.android.server.wm.RootWindowContainer.performSurfacePlacementNoTrace:924 com.android.server.wm.RootWindowContainer.performSurfacePlacement:908 
02-14 22:52:54.083 I/TranWmsFloatExt( 1116): getTbFloatWMExt sFloatWindowManagerExt: com.transsion.server.wm.TranWmsTbFloatWindowManagerExtImpl@2c2b9d9
02-14 22:52:54.085 I/FloatWindow( 1116): hookInputMethodShown inputShown: false
02-14 22:52:54.555 W/ActivityManager( 1116): Unable to launch app musicplayer.musicapps.music.mp3player/10259 for service Intent { cmp=musicplayer.musicapps.music.mp3player/com.google.android.datatransport.runtime.scheduling.jobscheduling.JobInfoSchedulerService }: AutoStart Limit
02-14 22:52:54.557 W/ActivityManager( 1116): Unable to launch app com.microsoft.launcher/10206 for service Intent { cmp=com.microsoft.launcher/.report.senderproc.HockeySenderService }: AutoStart Limit
02-14 22:52:54.645 W/ActivityManager( 1116): Unable to start service Intent { act=com.google.android.gms.wearable.BIND pkg=com.google.android.gms } U=0: not found
02-14 22:52:54.660 W/ActivityManager( 1116): Unbind failed: could not find connection for android.os.BinderProxy@a3f7612
02-14 22:52:54.831 W/ActivityManager( 1116): Unable to launch app musicplayer.musicapps.music.mp3player/10259 for service Intent { cmp=musicplayer.musicapps.music.mp3player/com.google.android.datatransport.runtime.scheduling.jobscheduling.JobInfoSchedulerService }: AutoStart Limit
02-14 22:52:54.833 W/ActivityManager( 1116): Unable to launch app com.microsoft.launcher/10206 for service Intent { cmp=com.microsoft.launcher/.report.senderproc.HockeySenderService }: AutoStart Limit
02-14 22:52:55.140 W/ActivityManager( 1116): Slow operation: 53ms so far, now at startProcess: done starting proc!
02-14 22:52:55.161 W/ActivityManager( 1116): Unable to launch app com.instagram.lite/10377 for service Intent { cmp=com.instagram.lite/com.facebook.lite.intent.PeriodicTaskJobService }: AutoStart Limit
02-14 22:52:55.177 I/ActivityManager( 1116): Start proc 11029:com.google.android.apps.wellbeing/u0a112 for broadcast {com.google.android.apps.wellbeing/androidx.work.impl.background.systemalarm.RescheduleReceiver}
02-14 22:52:55.202 I/ActivityManager( 1116): Start proc 11035:com.transsnet.store/u0a149 for service {com.transsnet.store/com.transsion.newphonerecommend.service.NewPhoneJobService}
02-14 22:52:55.237 W/ActivityManager( 1116): Slow operation: 51ms so far, now at startProcess: returned from zygote!
02-14 22:52:55.238 W/ActivityManager( 1116): Slow operation: 52ms so far, now at startProcess: done updating battery stats
02-14 22:52:55.238 W/ActivityManager( 1116): Slow operation: 52ms so far, now at startProcess: building log message
02-14 22:52:55.238 I/ActivityManager( 1116): Start proc 11043:com.google.android.apps.youtube.music/u0a119 for service {com.google.android.apps.youtube.music/androidx.work.impl.background.systemjob.SystemJobService}
02-14 22:52:55.238 W/ActivityManager( 1116): Slow operation: 52ms so far, now at startProcess: starting to update pids map
02-14 22:52:55.240 W/ActivityManager( 1116): Slow operation: 54ms so far, now at startProcess: done updating pids map
02-14 22:52:56.446 I/ActivityManager( 1116): Process com.google.android.permissioncontroller (pid 7183) has died: cch+35 CEM 
02-14 22:52:56.655 I/ActivityManager( 1116): Process net.bat.store (pid 10497) has died: cch+25 CEM 
02-14 22:52:56.988 W/ActivityManager( 1116): Unable to start service Intent { act=com.google.android.gms.wearable.BIND pkg=com.google.android.gms } U=0: not found
02-14 22:52:56.990 W/ActivityManager( 1116): Unbind failed: could not find connection for android.os.BinderProxy@d82b6ad
02-14 22:52:57.299 W/UriGrantsManagerService( 1116): No permission grants found for com.transsnet.store
02-14 22:52:57.354 W/BroadcastQueue( 1116): Permission Denial: broadcasting Intent { act=android.net.conn.CONNECTIVITY_CHANGE flg=0x4200010 (has extras) } from null (pid=-1, uid=-1) requires com.google.android.apps.youtube.music.DYNAMIC_RECEIVER_NOT_EXPORTED_PERMISSION due to registered receiver BroadcastFilter{b650f8d 10119/u0 ReceiverList{3823824 11043 com.google.android.apps.youtube.music/10119/u0 remote:264d8b7}}
02-14 22:52:57.627 W/ActivityManager( 1116): Unable to launch app musicplayer.musicapps.music.mp3player/10259 for service Intent { cmp=musicplayer.musicapps.music.mp3player/com.google.android.datatransport.runtime.scheduling.jobscheduling.JobInfoSchedulerService }: AutoStart Limit
02-14 22:52:57.627 W/Looper  ( 1116): Slow dispatch took 124ms main h=com.android.server.job.JobSchedulerService$JobHandler c=null m=4
02-14 22:52:57.670 W/ActivityManager( 1116): Unable to launch app com.microsoft.launcher/10206 for service Intent { cmp=com.microsoft.launcher/.report.senderproc.HockeySenderService }: AutoStart Limit
02-14 22:52:57.894 I/ActivityManager( 1116): Process com.google.android.apps.maps (pid 10782) has died: cch+25 CEM 
02-14 22:52:57.954 W/ActivityManager( 1116): Unable to launch app musicplayer.musicapps.music.mp3player/10259 for service Intent { cmp=musicplayer.musicapps.music.mp3player/com.google.android.datatransport.runtime.scheduling.jobscheduling.JobInfoSchedulerService }: AutoStart Limit
02-14 22:52:57.954 W/Looper  ( 1116): Slow dispatch took 211ms main h=com.android.server.job.JobSchedulerService$JobHandler c=null m=3
02-14 22:52:57.955 W/Looper  ( 1116): Slow delivery took 328ms main h=android.app.ActivityThread$H c=android.app.LoadedApk$ServiceDispatcher$RunConnection@e6f26f6 m=0
02-14 22:52:57.958 W/ActivityManager( 1116): Unable to launch app com.microsoft.launcher/10206 for service Intent { cmp=com.microsoft.launcher/.report.senderproc.HockeySenderService }: AutoStart Limit
02-14 22:52:57.997 W/ActivityManager( 1116): Unable to launch app musicplayer.musicapps.music.mp3player/10259 for service Intent { cmp=musicplayer.musicapps.music.mp3player/com.google.android.datatransport.runtime.scheduling.jobscheduling.JobInfoSchedulerService }: AutoStart Limit
02-14 22:52:58.021 W/ActivityManager( 1116): Unable to launch app com.microsoft.launcher/10206 for service Intent { cmp=com.microsoft.launcher/.report.senderproc.HockeySenderService }: AutoStart Limit
02-14 22:52:58.024 W/ActivityManager( 1116): Unable to launch app com.instagram.lite/10377 for service Intent { cmp=com.instagram.lite/com.facebook.lite.intent.PeriodicTaskJobService }: AutoStart Limit
02-14 22:52:58.056 I/ActivityManager( 1116): Start proc 11276:net.bat.store/u0a152 for service {net.bat.store/androidx.work.impl.background.systemjob.SystemJobService}
02-14 22:52:58.200 W/Looper  ( 1116): Drained
02-14 22:52:58.396 I/ActivityManager( 1116): Force stopping com.spazoodle.guardian appid=10431 user=0: finished inst
02-14 22:52:58.397 I/ActivityManager( 1116): Killing 7235:com.spazoodle.guardian/u0a431 (adj 0): stop com.spazoodle.guardian due to finished inst
02-14 22:52:58.560 W/Looper  ( 1116): Slow dispatch took 135ms main h=com.android.server.job.JobSchedulerService$JobHandler c=null m=1
02-14 22:52:59.877 W/ActivityManager( 1116): Unable to launch app musicplayer.musicapps.music.mp3player/10259 for service Intent { cmp=musicplayer.musicapps.music.mp3player/com.google.android.datatransport.runtime.scheduling.jobscheduling.JobInfoSchedulerService }: AutoStart Limit
02-14 22:52:59.998 W/ActivityManager( 1116): Unable to launch app musicplayer.musicapps.music.mp3player/10259 for service Intent { cmp=musicplayer.musicapps.music.mp3player/com.google.android.datatransport.runtime.scheduling.jobscheduling.JobInfoSchedulerService }: AutoStart Limit
02-14 22:52:59.999 W/Looper  ( 1116): Slow dispatch took 119ms main h=com.android.server.job.JobSchedulerService$JobHandler c=null m=3
02-14 22:53:00.061 E/ActivityThread( 2148): Failed to find provider info for com.transsion.health.stepweight
02-14 22:53:00.064 W/ActivityManager( 1116): Unable to launch app com.microsoft.launcher/10206 for service Intent { cmp=com.microsoft.launcher/.report.senderproc.HockeySenderService }: AutoStart Limit
02-14 22:53:00.623 I/ActivityManager( 1116): Process com.google.android.apps.tachyon (pid 9710) has died: cch+45 CEM 
02-14 22:53:00.638 W/ActivityManager( 1116): Unable to launch app com.instagram.lite/10377 for service Intent { cmp=com.instagram.lite/com.facebook.lite.intent.PeriodicTaskJobService }: AutoStart Limit
02-14 22:53:00.827 I/ActivityManager( 1116): Start proc 11469:com.google.android.webview:sandboxed_process0:org.chromium.content.app.SandboxedProcessService0:0/u0i1 for  {com.truecaller/org.chromium.content.app.SandboxedProcessService0:0}
02-14 22:53:00.944 I/ActivityManager( 1116): Force stopping com.spazoodle.guardian appid=10431 user=0: start instr
02-14 22:53:00.972 W/ActivityManager( 1116): Unable to launch app musicplayer.musicapps.music.mp3player/10259 for service Intent { cmp=musicplayer.musicapps.music.mp3player/com.google.android.datatransport.runtime.scheduling.jobscheduling.JobInfoSchedulerService }: AutoStart Limit
02-14 22:53:00.974 I/ActivityManager( 1116): Start proc 11501:com.spazoodle.guardian/u0a431 for added application com.spazoodle.guardian
02-14 22:53:00.976 W/ActivityManager( 1116): Unable to launch app com.microsoft.launcher/10206 for service Intent { cmp=com.microsoft.launcher/.report.senderproc.HockeySenderService }: AutoStart Limit
02-14 22:53:00.978 W/ActivityManager( 1116): Unable to launch app com.instagram.lite/10377 for service Intent { cmp=com.instagram.lite/com.facebook.lite.intent.PeriodicTaskJobService }: AutoStart Limit
02-14 22:53:01.134 W/ActivityManager( 1116): Unable to launch app musicplayer.musicapps.music.mp3player/10259 for service Intent { cmp=musicplayer.musicapps.music.mp3player/com.google.android.datatransport.runtime.scheduling.jobscheduling.JobInfoSchedulerService }: AutoStart Limit
02-14 22:53:02.623 I/ActivityManager( 1116): Process com.transsnet.store (pid 11035) has died: cch+45 CEM 
02-14 22:53:02.635 W/ActivityManager( 1116): Unable to launch app com.microsoft.launcher/10206 for service Intent { cmp=com.microsoft.launcher/.report.senderproc.HockeySenderService }: AutoStart Limit
02-14 22:53:03.729 W/ActivityManager( 1116): Unable to launch app musicplayer.musicapps.music.mp3player/10259 for service Intent { cmp=musicplayer.musicapps.music.mp3player/com.google.android.datatransport.runtime.scheduling.jobscheduling.JobInfoSchedulerService }: AutoStart Limit
02-14 22:53:03.917 I/ActivityManager( 1116): Process com.truecaller (pid 10860) has died: cch+35 CEM 
02-14 22:53:03.929 I/ActivityManager( 1116): Killing 11469:com.google.android.webview:sandboxed_process0:org.chromium.content.app.SandboxedProcessService0:0/u0a304i1 (adj 0): isolated not needed
02-14 22:53:03.948 W/ActivityManager( 1116): Unable to launch app com.microsoft.launcher/10206 for service Intent { cmp=com.microsoft.launcher/.report.senderproc.HockeySenderService }: AutoStart Limit
02-14 22:53:03.951 W/ActivityManager( 1116): Unable to launch app com.instagram.lite/10377 for service Intent { cmp=com.instagram.lite/com.facebook.lite.intent.PeriodicTaskJobService }: AutoStart Limit
02-14 22:53:03.988 E/KernelCpuSpeedReader( 1116): Failed to read cpu-freq: /sys/devices/system/cpu/cpu4/cpufreq/stats/time_in_state: open failed: ENOENT (No such file or directory)
02-14 22:53:03.989 E/KernelCpuSpeedReader( 1116): Failed to read cpu-freq: /sys/devices/system/cpu/cpu0/cpufreq/stats/time_in_state: open failed: ENOENT (No such file or directory)
02-14 22:53:04.255 W/ActivityManager( 1116): Unable to launch app musicplayer.musicapps.music.mp3player/10259 for service Intent { cmp=musicplayer.musicapps.music.mp3player/com.google.android.datatransport.runtime.scheduling.jobscheduling.JobInfoSchedulerService }: AutoStart Limit
02-14 22:53:04.336 W/ActivityManager( 1116): Unable to launch app musicplayer.musicapps.music.mp3player/10259 for service Intent { cmp=musicplayer.musicapps.music.mp3player/com.google.android.datatransport.runtime.scheduling.jobscheduling.JobInfoSchedulerService }: AutoStart Limit
02-14 22:53:04.338 W/ActivityManager( 1116): Unable to launch app com.microsoft.launcher/10206 for service Intent { cmp=com.microsoft.launcher/.report.senderproc.HockeySenderService }: AutoStart Limit
02-14 22:53:04.395 W/ActivityManager( 1116): Unable to launch app musicplayer.musicapps.music.mp3player/10259 for service Intent { cmp=musicplayer.musicapps.music.mp3player/com.google.android.datatransport.runtime.scheduling.jobscheduling.JobInfoSchedulerService }: AutoStart Limit
02-14 22:53:04.397 W/ActivityManager( 1116): Unable to launch app com.microsoft.launcher/10206 for service Intent { cmp=com.microsoft.launcher/.report.senderproc.HockeySenderService }: AutoStart Limit
02-14 22:53:04.513 W/ActivityManager( 1116): Unable to launch app musicplayer.musicapps.music.mp3player/10259 for service Intent { cmp=musicplayer.musicapps.music.mp3player/com.google.android.datatransport.runtime.scheduling.jobscheduling.JobInfoSchedulerService }: AutoStart Limit
02-14 22:53:04.515 W/ActivityManager( 1116): Unable to launch app com.microsoft.launcher/10206 for service Intent { cmp=com.microsoft.launcher/.report.senderproc.HockeySenderService }: AutoStart Limit
02-14 22:53:04.618 W/ActivityManager( 1116): Unable to launch app musicplayer.musicapps.music.mp3player/10259 for service Intent { cmp=musicplayer.musicapps.music.mp3player/com.google.android.datatransport.runtime.scheduling.jobscheduling.JobInfoSchedulerService }: AutoStart Limit
02-14 22:53:04.619 W/ActivityManager( 1116): Unable to launch app com.microsoft.launcher/10206 for service Intent { cmp=com.microsoft.launcher/.report.senderproc.HockeySenderService }: AutoStart Limit
02-14 22:53:04.652 W/ActivityManager( 1116): Unable to launch app com.instagram.lite/10377 for service Intent { cmp=com.instagram.lite/com.facebook.lite.intent.PeriodicTaskJobService }: AutoStart Limit
02-14 22:53:04.705 I/ActivityManager( 1116): Finished processing BOOT_COMPLETED for u0
02-14 22:53:04.801 I/ActivityManager( 1116): Start proc 11622:com.mediatek.simprocessor/1000 for broadcast {com.mediatek.simprocessor/com.mediatek.simprocessor.BootCmpReceiver}
02-14 22:53:04.845 W/ActivityManager( 1116): Unable to start service Intent { act=com.google.android.gms.identitycredentials.service.START pkg=com.google.android.gms } U=0: not found
02-14 22:53:04.847 W/ActivityManager( 1116): Unbind failed: could not find connection for android.os.BinderProxy@dbb4e4
02-14 22:53:04.924 W/ContextImpl(11622): Calling a method in the system process without a qualified user: android.app.ContextImpl.startService:1765 android.content.ContextWrapper.startService:735 android.content.ContextWrapper.startService:735 com.mediatek.simprocessor.BootCmpReceiver.startSimService:130 com.mediatek.simprocessor.BootCmpReceiver.presetServiceNumber:167 
02-14 22:53:04.966 W/ContextImpl(11622): Calling a method in the system process without a qualified user: android.app.ContextImpl.startService:1765 android.content.ContextWrapper.startService:735 android.content.ContextWrapper.startService:735 com.mediatek.simprocessor.BootCmpReceiver.startSimService:130 com.mediatek.simprocessor.BootCmpReceiver.presetServiceNumber:167 
02-14 22:53:04.970 I/ActivityManager( 1116): Start proc 11645:android.process.acore/u0a57 for content provider {com.android.providers.contacts/com.android.providers.contacts.ContactsProvider2}
02-14 22:53:04.985 W/ActivityManager( 1116): Unable to start service Intent { act=com.google.android.gms.identitycredentials.service.START pkg=com.google.android.gms } U=0: not found
02-14 22:53:04.986 W/ActivityManager( 1116): Unbind failed: could not find connection for android.os.BinderProxy@a58d103
02-14 22:53:05.018 I/ActivityManager( 1116): Process com.mediatek.simprocessor (pid 11622) has died: fg  SVC 
02-14 22:53:05.086 I/ActivityManager( 1116): Start proc 11672:com.android.cellbroadcastreceiver/u0a151 for broadcast {com.android.cellbroadcastreceiver/com.android.cellbroadcastreceiver.CellBroadcastReceiver}
02-14 22:53:05.178 W/NotificationHistory( 1116): Attempted to add notif for locked/gone/disabled user 0
02-14 22:53:05.513 W/ActivityManager( 1116): Unable to launch app musicplayer.musicapps.music.mp3player/10259 for service Intent { cmp=musicplayer.musicapps.music.mp3player/com.google.android.datatransport.runtime.scheduling.jobscheduling.JobInfoSchedulerService }: AutoStart Limit
02-14 22:53:05.516 W/ActivityManager( 1116): Unable to launch app com.microsoft.launcher/10206 for service Intent { cmp=com.microsoft.launcher/.report.senderproc.HockeySenderService }: AutoStart Limit
02-14 22:53:05.829 W/ActivityManager( 1116): Unable to launch app com.instagram.lite/10377 for service Intent { cmp=com.instagram.lite/com.facebook.lite.intent.PeriodicTaskJobService }: AutoStart Limit
02-14 22:53:05.835 W/BroadcastQueue( 1116): Background execution not allowed: receiving Intent { act=android.intent.action.DROPBOX_ENTRY_ADDED flg=0x10 (has extras) } to com.google.android.gms/.stats.service.DropBoxEntryAddedReceiver
02-14 22:53:05.939 I/ActivityManager( 1116): Start proc 11710:com.mediatek.simprocessor/1000 for broadcast {com.mediatek.simprocessor/com.mediatek.simprocessor.BootCmpReceiver}
02-14 22:53:06.004 W/ActivityManager( 1116): Unable to start service Intent { act=com.google.android.gms.identitycredentials.service.START pkg=com.google.android.gms } U=0: not found
02-14 22:53:06.096 W/ActivityManager( 1116): Unbind failed: could not find connection for android.os.BinderProxy@8f0f1b1
02-14 22:53:06.104 W/ContextImpl(11710): Calling a method in the system process without a qualified user: android.app.ContextImpl.startService:1765 android.content.ContextWrapper.startService:735 android.content.ContextWrapper.startService:735 com.mediatek.simprocessor.BootCmpReceiver.startSimService:130 com.mediatek.simprocessor.BootCmpReceiver.presetServiceNumber:167 
02-14 22:53:06.116 W/BroadcastQueue( 1116): Background execution not allowed: receiving Intent { act=mediatek.intent.action.PHB_STATE_CHANGED flg=0x10 (has extras) } to com.mediatek.simprocessor/.BootCmpReceiver
02-14 22:53:06.133 W/ContextImpl(11710): Calling a method in the system process without a qualified user: android.app.ContextImpl.startService:1765 android.content.ContextWrapper.startService:735 android.content.ContextWrapper.startService:735 com.mediatek.simprocessor.BootCmpReceiver.startSimService:130 com.mediatek.simprocessor.BootCmpReceiver.processPhoneBookChanged:139 
02-14 22:53:06.157 W/BroadcastQueue( 1116): Background execution not allowed: receiving Intent { act=mediatek.intent.action.PHB_STATE_CHANGED flg=0x10 (has extras) } to com.mediatek.simprocessor/.BootCmpReceiver
02-14 22:53:06.162 W/ContextImpl(11710): Calling a method in the system process without a qualified user: android.app.ContextImpl.startService:1765 android.content.ContextWrapper.startService:735 android.content.ContextWrapper.startService:735 com.mediatek.simprocessor.BootCmpReceiver.startSimService:130 com.mediatek.simprocessor.BootCmpReceiver.processPhoneBookChanged:139 
02-14 22:53:06.194 I/ActivityManager( 1116): Start proc 11736:com.spotify.music/u0a202 for broadcast {com.spotify.music/com.spotify.widgets.npvwidget.WidgetUpdateCoordinator}
02-14 22:53:06.336 W/NotificationHistory( 1116): Attempted to add notif for locked/gone/disabled user 0
02-14 22:53:06.863 W/ActivityManager( 1116): Unable to launch app musicplayer.musicapps.music.mp3player/10259 for service Intent { cmp=musicplayer.musicapps.music.mp3player/com.google.android.datatransport.runtime.scheduling.jobscheduling.JobInfoSchedulerService }: AutoStart Limit
02-14 22:53:07.681 I/ActivityManager( 1116): Process com.mediatek.simprocessor (pid 11710) has died: fg  SVC 
02-14 22:53:07.782 W/ActivityManager( 1116): Unable to launch app musicplayer.musicapps.music.mp3player/10259 for service Intent { cmp=musicplayer.musicapps.music.mp3player/com.google.android.datatransport.runtime.scheduling.jobscheduling.JobInfoSchedulerService }: AutoStart Limit
02-14 22:53:07.783 W/ActivityManager( 1116): Unable to launch app com.microsoft.launcher/10206 for service Intent { cmp=com.microsoft.launcher/.report.senderproc.HockeySenderService }: AutoStart Limit
02-14 22:53:08.153 W/ActivityManager( 1116): Unable to launch app com.instagram.lite/10377 for service Intent { cmp=com.instagram.lite/com.facebook.lite.intent.PeriodicTaskJobService }: AutoStart Limit
02-14 22:53:08.462 I/ActivityManager( 1116): Start proc 11819:com.mediatek.simprocessor/1000 for broadcast {com.mediatek.simprocessor/com.mediatek.simprocessor.BootCmpReceiver}
02-14 22:53:08.563 W/ActivityManager( 1116): Unable to start service Intent { act=com.google.android.gms.identitycredentials.service.START pkg=com.google.android.gms } U=0: not found
02-14 22:53:08.571 W/ContextImpl(11819): Calling a method in the system process without a qualified user: android.app.ContextImpl.startService:1765 android.content.ContextWrapper.startService:735 android.content.ContextWrapper.startService:735 com.mediatek.simprocessor.BootCmpReceiver.startSimService:130 com.mediatek.simprocessor.BootCmpReceiver.presetServiceNumber:167 
02-14 22:53:08.586 W/BroadcastQueue( 1116): Failure [background] sending broadcast result of Intent { act=ACTION_S11Y flg=0x10 }
02-14 22:53:08.586 W/BroadcastQueue( 1116): android.os.RemoteException: app.thread must not be null
02-14 22:53:08.586 W/BroadcastQueue( 1116): 	at com.android.server.am.BroadcastQueue.performReceiveLocked(BroadcastQueue.java:623)
02-14 22:53:08.586 W/BroadcastQueue( 1116): 	at com.android.server.am.BroadcastQueue.processNextBroadcastLocked(BroadcastQueue.java:1155)
02-14 22:53:08.586 W/BroadcastQueue( 1116): 	at com.android.server.am.ActivityManagerService.finishReceiver(ActivityManagerService.java:18840)
02-14 22:53:08.586 W/BroadcastQueue( 1116): 	at android.app.IActivityManager$Stub.onTransact(IActivityManager.java:2638)
02-14 22:53:08.586 W/BroadcastQueue( 1116): 	at com.android.server.am.ActivityManagerService.onTransact(ActivityManagerService.java:3274)
02-14 22:53:08.586 W/BroadcastQueue( 1116): 	at android.os.Binder.execTransactInternal(Binder.java:1174)
02-14 22:53:08.586 W/BroadcastQueue( 1116): 	at android.os.Binder.execTransact(Binder.java:1126)
02-14 22:53:08.595 W/BroadcastQueue( 1116): Background execution not allowed: receiving Intent { act=android.intent.action.DROPBOX_ENTRY_ADDED flg=0x10 (has extras) } to com.google.android.gms/.stats.service.DropBoxEntryAddedReceiver
02-14 22:53:08.600 W/ActivityManager( 1116): Unbind failed: could not find connection for android.os.BinderProxy@4578aab
02-14 22:53:08.667 W/ActivityManager( 1116): Unable to launch app musicplayer.musicapps.music.mp3player/10259 for service Intent { cmp=musicplayer.musicapps.music.mp3player/com.google.android.datatransport.runtime.scheduling.jobscheduling.JobInfoSchedulerService }: AutoStart Limit
02-14 22:53:08.670 W/ActivityManager( 1116): Unable to launch app com.microsoft.launcher/10206 for service Intent { cmp=com.microsoft.launcher/.report.senderproc.HockeySenderService }: AutoStart Limit
02-14 22:53:08.671 W/ActivityManager( 1116): Unable to launch app com.instagram.lite/10377 for service Intent { cmp=com.instagram.lite/com.facebook.lite.intent.PeriodicTaskJobService }: AutoStart Limit
02-14 22:53:08.679 I/ActivityManager( 1116): Process com.mediatek.simprocessor (pid 11819) has died: fg  SVC 
02-14 22:53:08.721 I/ActivityManager( 1116): Start proc 11852:com.mediatek.simprocessor/1000 for broadcast {com.mediatek.simprocessor/com.mediatek.simprocessor.BootCmpReceiver}
02-14 22:53:08.828 E/ActivityThread(11736): Failed to find provider info for androidx.car.app.connection
02-14 22:53:08.839 W/ContextImpl(11852): Calling a method in the system process without a qualified user: android.app.ContextImpl.startService:1765 android.content.ContextWrapper.startService:735 android.content.ContextWrapper.startService:735 com.mediatek.simprocessor.BootCmpReceiver.startSimService:130 com.mediatek.simprocessor.BootCmpReceiver.presetServiceNumber:167 
02-14 22:53:08.889 W/NotificationHistory( 1116): Attempted to add notif for locked/gone/disabled user 0
02-14 22:53:08.929 I/ActivityManager( 1116): Process com.mediatek.simprocessor (pid 11852) has died: fg  SVC 
02-14 22:53:08.958 W/ActivityManager( 1116): Unable to start service Intent { act=com.google.android.gms.identitycredentials.service.START pkg=com.google.android.gms } U=0: not found
02-14 22:53:08.964 W/BroadcastQueue( 1116): Background execution not allowed: receiving Intent { act=android.intent.action.DROPBOX_ENTRY_ADDED flg=0x10 (has extras) } to com.google.android.gms/.stats.service.DropBoxEntryAddedReceiver
02-14 22:53:08.983 W/ActivityManager( 1116): Unbind failed: could not find connection for android.os.BinderProxy@a899fac
02-14 22:53:09.068 W/NotificationHistory( 1116): Attempted to add notif for locked/gone/disabled user 0
02-14 22:53:09.408 I/ActivityManager( 1116): Force stopping com.spazoodle.guardian appid=10431 user=0: from pid 11880
02-14 22:53:09.411 I/ActivityManager( 1116): Killing 11501:com.spazoodle.guardian/u0a431 (adj 0): stop com.spazoodle.guardian due to from pid 11880
02-14 22:53:09.417 W/ActivityManager( 1116): Crash of app com.spazoodle.guardian running instrumentation ComponentInfo{com.spazoodle.guardian.test/androidx.test.runner.AndroidJUnitRunner}
02-14 22:53:09.421 I/ActivityManager( 1116): Force stopping com.spazoodle.guardian appid=10431 user=0: finished inst
02-14 22:53:09.549 W/ActivityManager( 1116): Unable to launch app musicplayer.musicapps.music.mp3player/10259 for service Intent { cmp=musicplayer.musicapps.music.mp3player/com.google.android.datatransport.runtime.scheduling.jobscheduling.JobInfoSchedulerService }: AutoStart Limit
02-14 22:53:09.551 W/ActivityManager( 1116): Unable to launch app com.microsoft.launcher/10206 for service Intent { cmp=com.microsoft.launcher/.report.senderproc.HockeySenderService }: AutoStart Limit
02-14 22:53:09.553 W/ActivityManager( 1116): Unable to launch app com.instagram.lite/10377 for service Intent { cmp=com.instagram.lite/com.facebook.lite.intent.PeriodicTaskJobService }: AutoStart Limit
02-14 22:53:09.553 W/Looper  ( 1116): Slow dispatch took 157ms main h=com.android.server.job.JobSchedulerService$JobHandler c=null m=1
02-14 22:53:09.555 I/NotificationService( 1116): pkgList.length=1
02-14 22:53:09.628 W/ActivityManager( 1116): Unable to launch app musicplayer.musicapps.music.mp3player/10259 for service Intent { cmp=musicplayer.musicapps.music.mp3player/com.google.android.datatransport.runtime.scheduling.jobscheduling.JobInfoSchedulerService }: AutoStart Limit
02-14 22:53:09.631 W/ActivityManager( 1116): Unable to launch app com.microsoft.launcher/10206 for service Intent { cmp=com.microsoft.launcher/.report.senderproc.HockeySenderService }: AutoStart Limit
02-14 22:53:09.633 W/ActivityManager( 1116): Unable to launch app com.instagram.lite/10377 for service Intent { cmp=com.instagram.lite/com.facebook.lite.intent.PeriodicTaskJobService }: AutoStart Limit
02-14 22:53:09.749 W/ActivityManager( 1116): Unable to launch app musicplayer.musicapps.music.mp3player/10259 for service Intent { cmp=musicplayer.musicapps.music.mp3player/com.google.android.datatransport.runtime.scheduling.jobscheduling.JobInfoSchedulerService }: AutoStart Limit
